###############################################################################
#
# IAR ELF Linker V7.40.3.8902/W32 for ARM                 10/Oct/2019  16:43:54
# Copyright 2007-2015 IAR Systems AB.
#
#    Output file  =  
#        D:\MyGit\ZG\project_rgb_ir\s907x_freertos\out\IAR\Debug\Exe\application.axf
#    Map file     =  
#        D:\MyGit\ZG\project_rgb_ir\s907x_freertos\example\main\project\IAR\..\..\..\..\out\IAR\Debug\List\application.map
#    Command line =  
#        D:\MyGit\ZG\project_rgb_ir\s907x_freertos\out\IAR\Debug\Obj\adc_test.o
#        D:\MyGit\ZG\project_rgb_ir\s907x_freertos\out\IAR\Debug\Obj\aes.o
#        D:\MyGit\ZG\project_rgb_ir\s907x_freertos\out\IAR\Debug\Obj\aesni.o
#        D:\MyGit\ZG\project_rgb_ir\s907x_freertos\out\IAR\Debug\Obj\api_lib.o
#        D:\MyGit\ZG\project_rgb_ir\s907x_freertos\out\IAR\Debug\Obj\api_msg.o
#        D:\MyGit\ZG\project_rgb_ir\s907x_freertos\out\IAR\Debug\Obj\arc4.o
#        D:\MyGit\ZG\project_rgb_ir\s907x_freertos\out\IAR\Debug\Obj\asn1_dec.o
#        D:\MyGit\ZG\project_rgb_ir\s907x_freertos\out\IAR\Debug\Obj\asn1_enc.o
#        D:\MyGit\ZG\project_rgb_ir\s907x_freertos\out\IAR\Debug\Obj\asn1parse.o
#        D:\MyGit\ZG\project_rgb_ir\s907x_freertos\out\IAR\Debug\Obj\asn1write.o
#        D:\MyGit\ZG\project_rgb_ir\s907x_freertos\out\IAR\Debug\Obj\at_cmd.o
#        D:\MyGit\ZG\project_rgb_ir\s907x_freertos\out\IAR\Debug\Obj\at_esp_init.o
#        D:\MyGit\ZG\project_rgb_ir\s907x_freertos\out\IAR\Debug\Obj\at_network.o
#        D:\MyGit\ZG\project_rgb_ir\s907x_freertos\out\IAR\Debug\Obj\at_test.o
#        D:\MyGit\ZG\project_rgb_ir\s907x_freertos\out\IAR\Debug\Obj\at_wlan.o
#        D:\MyGit\ZG\project_rgb_ir\s907x_freertos\out\IAR\Debug\Obj\auth.o
#        D:\MyGit\ZG\project_rgb_ir\s907x_freertos\out\IAR\Debug\Obj\auto_report.o
#        D:\MyGit\ZG\project_rgb_ir\s907x_freertos\out\IAR\Debug\Obj\autoip.o
#        D:\MyGit\ZG\project_rgb_ir\s907x_freertos\out\IAR\Debug\Obj\base64.o
#        D:\MyGit\ZG\project_rgb_ir\s907x_freertos\out\IAR\Debug\Obj\bignum.o
#        D:\MyGit\ZG\project_rgb_ir\s907x_freertos\out\IAR\Debug\Obj\blowfish.o
#        D:\MyGit\ZG\project_rgb_ir\s907x_freertos\out\IAR\Debug\Obj\camellia.o
#        D:\MyGit\ZG\project_rgb_ir\s907x_freertos\out\IAR\Debug\Obj\ccm.o
#        D:\MyGit\ZG\project_rgb_ir\s907x_freertos\out\IAR\Debug\Obj\certs.o
#        D:\MyGit\ZG\project_rgb_ir\s907x_freertos\out\IAR\Debug\Obj\chap.o
#        D:\MyGit\ZG\project_rgb_ir\s907x_freertos\out\IAR\Debug\Obj\chpms.o
#        D:\MyGit\ZG\project_rgb_ir\s907x_freertos\out\IAR\Debug\Obj\cipher.o
#        D:\MyGit\ZG\project_rgb_ir\s907x_freertos\out\IAR\Debug\Obj\cipher_wrap.o
#        D:\MyGit\ZG\project_rgb_ir\s907x_freertos\out\IAR\Debug\Obj\clock.o
#        D:\MyGit\ZG\project_rgb_ir\s907x_freertos\out\IAR\Debug\Obj\cmac.o
#        D:\MyGit\ZG\project_rgb_ir\s907x_freertos\out\IAR\Debug\Obj\color.o
#        D:\MyGit\ZG\project_rgb_ir\s907x_freertos\out\IAR\Debug\Obj\croutine.o
#        D:\MyGit\ZG\project_rgb_ir\s907x_freertos\out\IAR\Debug\Obj\ctr_drbg.o
#        D:\MyGit\ZG\project_rgb_ir\s907x_freertos\out\IAR\Debug\Obj\debug.o
#        D:\MyGit\ZG\project_rgb_ir\s907x_freertos\out\IAR\Debug\Obj\def.o
#        D:\MyGit\ZG\project_rgb_ir\s907x_freertos\out\IAR\Debug\Obj\des.o
#        D:\MyGit\ZG\project_rgb_ir\s907x_freertos\out\IAR\Debug\Obj\dhcp.o
#        D:\MyGit\ZG\project_rgb_ir\s907x_freertos\out\IAR\Debug\Obj\dhcpc.o
#        D:\MyGit\ZG\project_rgb_ir\s907x_freertos\out\IAR\Debug\Obj\dhcps.o
#        D:\MyGit\ZG\project_rgb_ir\s907x_freertos\out\IAR\Debug\Obj\dhm.o
#        D:\MyGit\ZG\project_rgb_ir\s907x_freertos\out\IAR\Debug\Obj\dns.o
#        D:\MyGit\ZG\project_rgb_ir\s907x_freertos\out\IAR\Debug\Obj\ecdh.o
#        D:\MyGit\ZG\project_rgb_ir\s907x_freertos\out\IAR\Debug\Obj\ecdsa.o
#        D:\MyGit\ZG\project_rgb_ir\s907x_freertos\out\IAR\Debug\Obj\ecjpake.o
#        D:\MyGit\ZG\project_rgb_ir\s907x_freertos\out\IAR\Debug\Obj\ecp.o
#        D:\MyGit\ZG\project_rgb_ir\s907x_freertos\out\IAR\Debug\Obj\ecp_curves.o
#        D:\MyGit\ZG\project_rgb_ir\s907x_freertos\out\IAR\Debug\Obj\encryption.o
#        D:\MyGit\ZG\project_rgb_ir\s907x_freertos\out\IAR\Debug\Obj\entropy.o
#        D:\MyGit\ZG\project_rgb_ir\s907x_freertos\out\IAR\Debug\Obj\entropy_poll.o
#        D:\MyGit\ZG\project_rgb_ir\s907x_freertos\out\IAR\Debug\Obj\err.o
#        D:\MyGit\ZG\project_rgb_ir\s907x_freertos\out\IAR\Debug\Obj\error.o
#        D:\MyGit\ZG\project_rgb_ir\s907x_freertos\out\IAR\Debug\Obj\etharp.o
#        D:\MyGit\ZG\project_rgb_ir\s907x_freertos\out\IAR\Debug\Obj\event_groups.o
#        D:\MyGit\ZG\project_rgb_ir\s907x_freertos\out\IAR\Debug\Obj\flash_test.o
#        D:\MyGit\ZG\project_rgb_ir\s907x_freertos\out\IAR\Debug\Obj\fota.o
#        D:\MyGit\ZG\project_rgb_ir\s907x_freertos\out\IAR\Debug\Obj\freertos_callback.o
#        D:\MyGit\ZG\project_rgb_ir\s907x_freertos\out\IAR\Debug\Obj\fsm.o
#        D:\MyGit\ZG\project_rgb_ir\s907x_freertos\out\IAR\Debug\Obj\gcm.o
#        D:\MyGit\ZG\project_rgb_ir\s907x_freertos\out\IAR\Debug\Obj\gpio_test.o
#        D:\MyGit\ZG\project_rgb_ir\s907x_freertos\out\IAR\Debug\Obj\havege.o
#        D:\MyGit\ZG\project_rgb_ir\s907x_freertos\out\IAR\Debug\Obj\heap_4.o
#        D:\MyGit\ZG\project_rgb_ir\s907x_freertos\out\IAR\Debug\Obj\hmac_drbg.o
#        D:\MyGit\ZG\project_rgb_ir\s907x_freertos\out\IAR\Debug\Obj\httpc_api.o
#        D:\MyGit\ZG\project_rgb_ir\s907x_freertos\out\IAR\Debug\Obj\httpc_core.o
#        D:\MyGit\ZG\project_rgb_ir\s907x_freertos\out\IAR\Debug\Obj\httpd.o
#        D:\MyGit\ZG\project_rgb_ir\s907x_freertos\out\IAR\Debug\Obj\i2c_test.o
#        D:\MyGit\ZG\project_rgb_ir\s907x_freertos\out\IAR\Debug\Obj\i2s_test.o
#        D:\MyGit\ZG\project_rgb_ir\s907x_freertos\out\IAR\Debug\Obj\icmp.o
#        D:\MyGit\ZG\project_rgb_ir\s907x_freertos\out\IAR\Debug\Obj\icmp6.o
#        D:\MyGit\ZG\project_rgb_ir\s907x_freertos\out\IAR\Debug\Obj\igmp.o
#        D:\MyGit\ZG\project_rgb_ir\s907x_freertos\out\IAR\Debug\Obj\inet.o
#        D:\MyGit\ZG\project_rgb_ir\s907x_freertos\out\IAR\Debug\Obj\inet6.o
#        D:\MyGit\ZG\project_rgb_ir\s907x_freertos\out\IAR\Debug\Obj\inet_chksum.o
#        D:\MyGit\ZG\project_rgb_ir\s907x_freertos\out\IAR\Debug\Obj\init.o
#        D:\MyGit\ZG\project_rgb_ir\s907x_freertos\out\IAR\Debug\Obj\ip.o
#        D:\MyGit\ZG\project_rgb_ir\s907x_freertos\out\IAR\Debug\Obj\ip6.o
#        D:\MyGit\ZG\project_rgb_ir\s907x_freertos\out\IAR\Debug\Obj\ip6_addr.o
#        D:\MyGit\ZG\project_rgb_ir\s907x_freertos\out\IAR\Debug\Obj\ip_addr.o
#        D:\MyGit\ZG\project_rgb_ir\s907x_freertos\out\IAR\Debug\Obj\ip_frag.o
#        D:\MyGit\ZG\project_rgb_ir\s907x_freertos\out\IAR\Debug\Obj\ipcp.o
#        D:\MyGit\ZG\project_rgb_ir\s907x_freertos\out\IAR\Debug\Obj\iperf_test.o
#        D:\MyGit\ZG\project_rgb_ir\s907x_freertos\out\IAR\Debug\Obj\ipref_sockets.o
#        D:\MyGit\ZG\project_rgb_ir\s907x_freertos\out\IAR\Debug\Obj\IR.o
#        D:\MyGit\ZG\project_rgb_ir\s907x_freertos\out\IAR\Debug\Obj\lcp.o
#        D:\MyGit\ZG\project_rgb_ir\s907x_freertos\out\IAR\Debug\Obj\Light_fun.o
#        D:\MyGit\ZG\project_rgb_ir\s907x_freertos\out\IAR\Debug\Obj\list.o
#        D:\MyGit\ZG\project_rgb_ir\s907x_freertos\out\IAR\Debug\Obj\lwip_md5.o
#        D:\MyGit\ZG\project_rgb_ir\s907x_freertos\out\IAR\Debug\Obj\lwip_timers.o
#        D:\MyGit\ZG\project_rgb_ir\s907x_freertos\out\IAR\Debug\Obj\magic.o
#        D:\MyGit\ZG\project_rgb_ir\s907x_freertos\out\IAR\Debug\Obj\md.o
#        D:\MyGit\ZG\project_rgb_ir\s907x_freertos\out\IAR\Debug\Obj\md2.o
#        D:\MyGit\ZG\project_rgb_ir\s907x_freertos\out\IAR\Debug\Obj\md4.o
#        D:\MyGit\ZG\project_rgb_ir\s907x_freertos\out\IAR\Debug\Obj\md5.o
#        D:\MyGit\ZG\project_rgb_ir\s907x_freertos\out\IAR\Debug\Obj\md_wrap.o
#        D:\MyGit\ZG\project_rgb_ir\s907x_freertos\out\IAR\Debug\Obj\mem.o
#        D:\MyGit\ZG\project_rgb_ir\s907x_freertos\out\IAR\Debug\Obj\memory_buffer_alloc.o
#        D:\MyGit\ZG\project_rgb_ir\s907x_freertos\out\IAR\Debug\Obj\memp.o
#        D:\MyGit\ZG\project_rgb_ir\s907x_freertos\out\IAR\Debug\Obj\mib2.o
#        D:\MyGit\ZG\project_rgb_ir\s907x_freertos\out\IAR\Debug\Obj\mib_structs.o
#        D:\MyGit\ZG\project_rgb_ir\s907x_freertos\out\IAR\Debug\Obj\mqtt_test.o
#        D:\MyGit\ZG\project_rgb_ir\s907x_freertos\out\IAR\Debug\Obj\MQTTConnectClient.o
#        D:\MyGit\ZG\project_rgb_ir\s907x_freertos\out\IAR\Debug\Obj\MQTTDeserializePublish.o
#        D:\MyGit\ZG\project_rgb_ir\s907x_freertos\out\IAR\Debug\Obj\MQTTFormat.o
#        D:\MyGit\ZG\project_rgb_ir\s907x_freertos\out\IAR\Debug\Obj\MQTTPacket.o
#        D:\MyGit\ZG\project_rgb_ir\s907x_freertos\out\IAR\Debug\Obj\MQTTSerializePublish.o
#        D:\MyGit\ZG\project_rgb_ir\s907x_freertos\out\IAR\Debug\Obj\MQTTSubscribeClient.o
#        D:\MyGit\ZG\project_rgb_ir\s907x_freertos\out\IAR\Debug\Obj\MQTTSubscribeServer.o
#        D:\MyGit\ZG\project_rgb_ir\s907x_freertos\out\IAR\Debug\Obj\MQTTUnsubscribeClient.o
#        D:\MyGit\ZG\project_rgb_ir\s907x_freertos\out\IAR\Debug\Obj\msg_in.o
#        D:\MyGit\ZG\project_rgb_ir\s907x_freertos\out\IAR\Debug\Obj\msg_out.o
#        D:\MyGit\ZG\project_rgb_ir\s907x_freertos\out\IAR\Debug\Obj\net_sockets.o
#        D:\MyGit\ZG\project_rgb_ir\s907x_freertos\out\IAR\Debug\Obj\netbuf.o
#        D:\MyGit\ZG\project_rgb_ir\s907x_freertos\out\IAR\Debug\Obj\netdb.o
#        D:\MyGit\ZG\project_rgb_ir\s907x_freertos\out\IAR\Debug\Obj\netif.o
#        D:\MyGit\ZG\project_rgb_ir\s907x_freertos\out\IAR\Debug\Obj\netifapi.o
#        D:\MyGit\ZG\project_rgb_ir\s907x_freertos\out\IAR\Debug\Obj\oid.o
#        D:\MyGit\ZG\project_rgb_ir\s907x_freertos\out\IAR\Debug\Obj\ota_hash.o
#        D:\MyGit\ZG\project_rgb_ir\s907x_freertos\out\IAR\Debug\Obj\ota_md5.o
#        D:\MyGit\ZG\project_rgb_ir\s907x_freertos\out\IAR\Debug\Obj\ota_test.o
#        D:\MyGit\ZG\project_rgb_ir\s907x_freertos\out\IAR\Debug\Obj\padlock.o
#        D:\MyGit\ZG\project_rgb_ir\s907x_freertos\out\IAR\Debug\Obj\pap.o
#        D:\MyGit\ZG\project_rgb_ir\s907x_freertos\out\IAR\Debug\Obj\pbuf.o
#        D:\MyGit\ZG\project_rgb_ir\s907x_freertos\out\IAR\Debug\Obj\pem.o
#        D:\MyGit\ZG\project_rgb_ir\s907x_freertos\out\IAR\Debug\Obj\ping.o
#        D:\MyGit\ZG\project_rgb_ir\s907x_freertos\out\IAR\Debug\Obj\ping_test.o
#        D:\MyGit\ZG\project_rgb_ir\s907x_freertos\out\IAR\Debug\Obj\pk.o
#        D:\MyGit\ZG\project_rgb_ir\s907x_freertos\out\IAR\Debug\Obj\pk_wrap.o
#        D:\MyGit\ZG\project_rgb_ir\s907x_freertos\out\IAR\Debug\Obj\pkcs11.o
#        D:\MyGit\ZG\project_rgb_ir\s907x_freertos\out\IAR\Debug\Obj\pkcs12.o
#        D:\MyGit\ZG\project_rgb_ir\s907x_freertos\out\IAR\Debug\Obj\pkcs5.o
#        D:\MyGit\ZG\project_rgb_ir\s907x_freertos\out\IAR\Debug\Obj\pkparse.o
#        D:\MyGit\ZG\project_rgb_ir\s907x_freertos\out\IAR\Debug\Obj\pkwrite.o
#        D:\MyGit\ZG\project_rgb_ir\s907x_freertos\out\IAR\Debug\Obj\platform.o
#        D:\MyGit\ZG\project_rgb_ir\s907x_freertos\out\IAR\Debug\Obj\port.o
#        D:\MyGit\ZG\project_rgb_ir\s907x_freertos\out\IAR\Debug\Obj\portasm.o
#        D:\MyGit\ZG\project_rgb_ir\s907x_freertos\out\IAR\Debug\Obj\ppp.o
#        D:\MyGit\ZG\project_rgb_ir\s907x_freertos\out\IAR\Debug\Obj\ppp_oe.o
#        D:\MyGit\ZG\project_rgb_ir\s907x_freertos\out\IAR\Debug\Obj\proto_parser_pack.o
#        D:\MyGit\ZG\project_rgb_ir\s907x_freertos\out\IAR\Debug\Obj\protocol_handle.o
#        D:\MyGit\ZG\project_rgb_ir\s907x_freertos\out\IAR\Debug\Obj\queue.o
#        D:\MyGit\ZG\project_rgb_ir\s907x_freertos\out\IAR\Debug\Obj\randm.o
#        D:\MyGit\ZG\project_rgb_ir\s907x_freertos\out\IAR\Debug\Obj\raw.o
#        D:\MyGit\ZG\project_rgb_ir\s907x_freertos\out\IAR\Debug\Obj\Remote.o
#        D:\MyGit\ZG\project_rgb_ir\s907x_freertos\out\IAR\Debug\Obj\ripemd160.o
#        D:\MyGit\ZG\project_rgb_ir\s907x_freertos\out\IAR\Debug\Obj\rsa.o
#        D:\MyGit\ZG\project_rgb_ir\s907x_freertos\out\IAR\Debug\Obj\rsa_internal.o
#        D:\MyGit\ZG\project_rgb_ir\s907x_freertos\out\IAR\Debug\Obj\rtc_test.o
#        D:\MyGit\ZG\project_rgb_ir\s907x_freertos\out\IAR\Debug\Obj\RTC_time.o
#        D:\MyGit\ZG\project_rgb_ir\s907x_freertos\out\IAR\Debug\Obj\s907x_cortex.o
#        D:\MyGit\ZG\project_rgb_ir\s907x_freertos\library\IAR\s907x_net.a
#        D:\MyGit\ZG\project_rgb_ir\s907x_freertos\library\IAR\s907x_platform.a
#        D:\MyGit\ZG\project_rgb_ir\s907x_freertos\out\IAR\Debug\Obj\s907x_wlan.o
#        D:\MyGit\ZG\project_rgb_ir\s907x_freertos\out\IAR\Debug\Obj\sci_lwiperf.o
#        D:\MyGit\ZG\project_rgb_ir\s907x_freertos\out\IAR\Debug\Obj\sha1.o
#        D:\MyGit\ZG\project_rgb_ir\s907x_freertos\out\IAR\Debug\Obj\sha256.o
#        D:\MyGit\ZG\project_rgb_ir\s907x_freertos\out\IAR\Debug\Obj\sha512.o
#        D:\MyGit\ZG\project_rgb_ir\s907x_freertos\out\IAR\Debug\Obj\slipif.o
#        D:\MyGit\ZG\project_rgb_ir\s907x_freertos\out\IAR\Debug\Obj\sntp.o
#        D:\MyGit\ZG\project_rgb_ir\s907x_freertos\out\IAR\Debug\Obj\sntp_api.o
#        D:\MyGit\ZG\project_rgb_ir\s907x_freertos\out\IAR\Debug\Obj\sntp_time.o
#        D:\MyGit\ZG\project_rgb_ir\s907x_freertos\out\IAR\Debug\Obj\sockets.o
#        D:\MyGit\ZG\project_rgb_ir\s907x_freertos\out\IAR\Debug\Obj\spi_test.o
#        D:\MyGit\ZG\project_rgb_ir\s907x_freertos\out\IAR\Debug\Obj\ssl_cache.o
#        D:\MyGit\ZG\project_rgb_ir\s907x_freertos\out\IAR\Debug\Obj\ssl_ciphersuites.o
#        D:\MyGit\ZG\project_rgb_ir\s907x_freertos\out\IAR\Debug\Obj\ssl_cli.o
#        D:\MyGit\ZG\project_rgb_ir\s907x_freertos\out\IAR\Debug\Obj\ssl_cookie.o
#        D:\MyGit\ZG\project_rgb_ir\s907x_freertos\out\IAR\Debug\Obj\ssl_srv.o
#        D:\MyGit\ZG\project_rgb_ir\s907x_freertos\out\IAR\Debug\Obj\ssl_ticket.o
#        D:\MyGit\ZG\project_rgb_ir\s907x_freertos\out\IAR\Debug\Obj\ssl_tls.o
#        D:\MyGit\ZG\project_rgb_ir\s907x_freertos\out\IAR\Debug\Obj\stats.o
#        D:\MyGit\ZG\project_rgb_ir\s907x_freertos\out\IAR\Debug\Obj\store.o
#        D:\MyGit\ZG\project_rgb_ir\s907x_freertos\out\IAR\Debug\Obj\stream_buffer.o
#        D:\MyGit\ZG\project_rgb_ir\s907x_freertos\out\IAR\Debug\Obj\sys.o
#        D:\MyGit\ZG\project_rgb_ir\s907x_freertos\out\IAR\Debug\Obj\sys_arch.o
#        D:\MyGit\ZG\project_rgb_ir\s907x_freertos\out\IAR\Debug\Obj\system_start.o
#        D:\MyGit\ZG\project_rgb_ir\s907x_freertos\out\IAR\Debug\Obj\tasks.o
#        D:\MyGit\ZG\project_rgb_ir\s907x_freertos\out\IAR\Debug\Obj\tcp.o
#        D:\MyGit\ZG\project_rgb_ir\s907x_freertos\out\IAR\Debug\Obj\tcp_client.o
#        D:\MyGit\ZG\project_rgb_ir\s907x_freertos\out\IAR\Debug\Obj\tcp_in.o
#        D:\MyGit\ZG\project_rgb_ir\s907x_freertos\out\IAR\Debug\Obj\tcp_out.o
#        D:\MyGit\ZG\project_rgb_ir\s907x_freertos\out\IAR\Debug\Obj\tcp_perf.o
#        D:\MyGit\ZG\project_rgb_ir\s907x_freertos\out\IAR\Debug\Obj\tcpip.o
#        D:\MyGit\ZG\project_rgb_ir\s907x_freertos\out\IAR\Debug\Obj\threading.o
#        D:\MyGit\ZG\project_rgb_ir\s907x_freertos\out\IAR\Debug\Obj\timer_test.o
#        D:\MyGit\ZG\project_rgb_ir\s907x_freertos\out\IAR\Debug\Obj\timers.o
#        D:\MyGit\ZG\project_rgb_ir\s907x_freertos\out\IAR\Debug\Obj\timing.o
#        D:\MyGit\ZG\project_rgb_ir\s907x_freertos\out\IAR\Debug\Obj\transport.o
#        D:\MyGit\ZG\project_rgb_ir\s907x_freertos\out\IAR\Debug\Obj\tuya_test.o
#        D:\MyGit\ZG\project_rgb_ir\s907x_freertos\out\IAR\Debug\Obj\uart_test.o
#        D:\MyGit\ZG\project_rgb_ir\s907x_freertos\out\IAR\Debug\Obj\udp.o
#        D:\MyGit\ZG\project_rgb_ir\s907x_freertos\out\IAR\Debug\Obj\udp_perf.o
#        D:\MyGit\ZG\project_rgb_ir\s907x_freertos\out\IAR\Debug\Obj\utils.o
#        D:\MyGit\ZG\project_rgb_ir\s907x_freertos\out\IAR\Debug\Obj\version.o
#        D:\MyGit\ZG\project_rgb_ir\s907x_freertos\out\IAR\Debug\Obj\version_features.o
#        D:\MyGit\ZG\project_rgb_ir\s907x_freertos\out\IAR\Debug\Obj\vj.o
#        D:\MyGit\ZG\project_rgb_ir\s907x_freertos\out\IAR\Debug\Obj\wdg_test.o
#        D:\MyGit\ZG\project_rgb_ir\s907x_freertos\out\IAR\Debug\Obj\WIFI_config.o
#        D:\MyGit\ZG\project_rgb_ir\s907x_freertos\out\IAR\Debug\Obj\wlan_test.o
#        D:\MyGit\ZG\project_rgb_ir\s907x_freertos\out\IAR\Debug\Obj\x509.o
#        D:\MyGit\ZG\project_rgb_ir\s907x_freertos\out\IAR\Debug\Obj\x509_create.o
#        D:\MyGit\ZG\project_rgb_ir\s907x_freertos\out\IAR\Debug\Obj\x509_crl.o
#        D:\MyGit\ZG\project_rgb_ir\s907x_freertos\out\IAR\Debug\Obj\x509_crt.o
#        D:\MyGit\ZG\project_rgb_ir\s907x_freertos\out\IAR\Debug\Obj\x509_csr.o
#        D:\MyGit\ZG\project_rgb_ir\s907x_freertos\out\IAR\Debug\Obj\x509write_crt.o
#        D:\MyGit\ZG\project_rgb_ir\s907x_freertos\out\IAR\Debug\Obj\x509write_csr.o
#        D:\MyGit\ZG\project_rgb_ir\s907x_freertos\out\IAR\Debug\Obj\xtea.o
#        D:\MyGit\ZG\project_rgb_ir\s907x_freertos\out\IAR\Debug\Obj\ZG_AT_CMD.o
#        D:\MyGit\ZG\project_rgb_ir\s907x_freertos\out\IAR\Debug\Obj\zg_entry.o
#        D:\MyGit\ZG\project_rgb_ir\s907x_freertos\out\IAR\Debug\Obj\zg_main.o
#        D:\MyGit\ZG\project_rgb_ir\s907x_freertos\out\IAR\Debug\Obj\ZG_system.o
#        --redirect _Printf=_PrintfFull -o
#        D:\MyGit\ZG\project_rgb_ir\s907x_freertos\out\IAR\Debug\Exe\application.axf
#        --map
#        D:\MyGit\ZG\project_rgb_ir\s907x_freertos\example\main\project\IAR\..\..\..\..\out\IAR\Debug\List\application.map
#        --config
#        D:\MyGit\ZG\project_rgb_ir\s907x_freertos\example\main\project\IAR\..\..\..\..\script\links\IAR\image.icf
#        --semihosting --entry system_ll_reset --vfe
#
###############################################################################

*******************************************************************************
*** MESSAGES
***


  place at start of USER_RAM_REGION  { readwrite, 
  ^
"D:\MyGit\ZG\project_rgb_ir\s907x_freertos\example\main\project\IAR\..\..\..\..\script\links\IAR\image.icf",62  Warning[Lp005]: 
          placement includes a mix of sections with content (example "rw data s
          ection .system.entry.data in system_start.o symbols: [system_entry]")
          and sections without content (example "zi section .bss in adc_test.o"
          )


*******************************************************************************
*** RUNTIME MODEL ATTRIBUTES
***

CppFlavor                     = *
__Heap_Handler                = DLMalloc
__SystemLibrary               = DLib
__dlib_dynamic_initialization = normal


*******************************************************************************
*** PLACEMENT SUMMARY
***

"A1":  place at start of [0x10015900-0x10046fff] {
          rw, block .ota1_ram.data, block .ota1_ram.bss, section .intvec,
          block .heap.start };
"A2":  place at start of [0x18060020-0x181fffff] { rw, block .ota1_image.text };

  Section                 Kind        Address     Size  Object
  -------                 ----        -------     ----  ------
"A1":                                          0x14da0
  .ota1_ram.data                   0x10015900   0x1004  <Block>
    .system.entry                  0x10015900      0xc  <Block>
      .system.entry.data  rw data  0x10015900      0xc  system_start.o [1]
    .ram.data                      0x1001590c    0xff8  <Block>
      .data               rw data  0x1001590c    0x138  adc_test.o [1]
      .data               rw data  0x10015a44    0x230  at_cmd.o [1]
      .data               rw data  0x10015c74    0x1c0  at_test.o [1]
      .data               rw data  0x10015e34      0x4  dhcps.o [1]
      .data               rw data  0x10015e38      0x4  dhcps.o [1]
      .data               rw data  0x10015e3c      0x4  ecp_curves.o [1]
      .data               rw data  0x10015e40      0x8  ecp_curves.o [1]
      .data               rw data  0x10015e48      0x8  ecp_curves.o [1]
      .data               rw data  0x10015e50      0x8  ecp_curves.o [1]
      .data               rw data  0x10015e58     0x9c  flash_test.o [1]
      .data               rw data  0x10015ef4    0x138  gpio_test.o [1]
      .data               rw data  0x1001602c    0x104  i2c_test.o [1]
      .data               rw data  0x10016130     0x34  i2s_test.o [1]
      .data               rw data  0x10016164     0x68  mqtt_test.o [1]
      .data               rw data  0x100161cc     0x20  ota_test.o [1]
      .data               rw data  0x100161ec      0x4  platform.o [1]
      .data               rw data  0x100161f0      0x4  platform.o [1]
      .data               rw data  0x100161f4      0x4  port.o [1]
      .data               rw data  0x100161f8     0x68  rtc_test.o [1]
      .data               rw data  0x10016260     0x1c  rtc_test.o [1]
      .data               rw data  0x1001627c     0x30  RTC_time.o [1]
      .data               rw data  0x100162ac     0xd0  spi_test.o [1]
      .data               rw data  0x1001637c     0x34  spi_test.o [1]
      .data               rw data  0x100163b0     0x14  ssl_tls.o [1]
      .data               rw data  0x100163c4     0x18  ssl_tls.o [1]
      .data               rw data  0x100163dc      0xc  ssl_tls.o [1]
      .data               rw data  0x100163e8      0xc  ssl_tls.o [1]
      .data               rw data  0x100163f4      0x4  ssl_tls.o [1]
      .data               rw data  0x100163f8      0x4  tcp.o [1]
      .data               rw data  0x100163fc      0x4  tcp_client.o [1]
      .data               rw data  0x10016400      0x4  tcp_perf.o [1]
      .data               rw data  0x10016404    0x16c  timer_test.o [1]
      .data               rw data  0x10016570      0x4  transport.o [1]
      .data               rw data  0x10016574      0x4  uart_test.o [1]
      .data               rw data  0x10016578    0x138  uart_test.o [1]
      .data               rw data  0x100166b0     0x68  wdg_test.o [1]
      .data               rw data  0x10016718      0xc  WIFI_config.o [1]
      .data               rw data  0x10016724      0xc  WIFI_config.o [1]
      .data               rw data  0x10016730     0x14  WIFI_config.o [1]
      .data               rw data  0x10016744     0x30  hal_i2c.o [7]
      .data               rw data  0x10016774     0x30  hal_i2c.o [7]
      .data               rw data  0x100167a4      0x2  fota.o [1]
      .data               rw data  0x100167a6      0x2  tcp.o [1]
      .data               rw data  0x100167a8      0x2  udp.o [1]
      .data               rw data  0x100167aa      0x1  dhcps.o [1]
      .data               rw data  0x100167ab      0x1  Light_fun.o [1]
      .data               rw data  0x100167ac      0x1  Light_fun.o [1]
      .data               rw data  0x100167ad      0x1  tcp_client.o [1]
      .iar.init_table     const    0x100167b0     0x18  - Linker created -
      __DLIB_PERTHREAD    rw data  0x100167c8     0x2c  xttotm.o [3]
      __DLIB_PERTHREAD    rw data  0x100167f4      0x8  localtim.o [3]
      __DLIB_PERTHREAD    rw data  0x100167fc      0x4  errno.o [3]
      __DLIB_PERTHREAD    rw data  0x10016800     0x88  localeconv.o [3]
      __DLIB_PERTHREAD    rw data  0x10016888     0x74  setlocale.o [3]
      __DLIB_PERTHREAD    rw data  0x100168fc      0x4  xisdst.o [3]
      __DLIB_PERTHREAD    rw data  0x10016900      0x4  xisdstData.o [3]
      CPP_INIT                     0x10016904      0x0  <Block>
        SHT$$PREINIT_ARRAY
                                   0x10016904      0x0  <Block>
        SHT$$INIT_ARRAY            0x10016904      0x0  <Block>
  .ota1_ram.bss                    0x10016908  0x13d98  <Block>
    .bss                  zero     0x10016908    0x218  adc_test.o [1]
    .bss                  zero     0x10016b20      0x8  RTC_time.o [1]
    .bss                  zero     0x10016b28      0x8  RTC_time.o [1]
    .bss                  zero     0x10016b30      0x4  adc_test.o [1]
    .bss                  zero     0x10016b34    0x100  aes.o [1]
    .bss                  zero     0x10016c34    0x400  aes.o [1]
    .bss                  zero     0x10017034    0x400  aes.o [1]
    .bss                  zero     0x10017434    0x400  aes.o [1]
    .bss                  zero     0x10017834    0x400  aes.o [1]
    .bss                  zero     0x10017c34    0x100  aes.o [1]
    .bss                  zero     0x10017d34    0x400  aes.o [1]
    .bss                  zero     0x10018134    0x400  aes.o [1]
    .bss                  zero     0x10018534    0x400  aes.o [1]
    .bss                  zero     0x10018934    0x400  aes.o [1]
    .bss                  zero     0x10018d34     0x28  aes.o [1]
    .bss                  zero     0x10018d5c      0x4  aes.o [1]
    .bss                  zero     0x10018d60    0xb80  at_cmd.o [1]
    .bss                  zero     0x100198e0     0x1c  at_cmd.o [1]
    .bss                  zero     0x100198fc      0xc  auto_report.o [1]
    .bss                  zero     0x10019908      0x4  auto_report.o [1]
    .bss                  zero     0x1001990c      0x4  auto_report.o [1]
    .bss                  zero     0x10019910      0x4  auto_report.o [1]
    .bss                  zero     0x10019914      0x4  auto_report.o [1]
    .bss                  zero     0x10019918     0x58  clock.o [1]
    .bss                  zero     0x10019970      0x4  color.o [1]
    .bss                  zero     0x10019974      0x4  debug.o [1]
    .bss                  zero     0x10019978     0x28  dhcp.o [1]
    .bss                  zero     0x100199a0      0xc  dhcp.o [1]
    .bss                  zero     0x100199ac      0x4  dhcp.o [1]
    .bss                  zero     0x100199b0      0x4  dhcps.o [1]
    .bss                  zero     0x100199b4      0x4  dhcps.o [1]
    .bss                  zero     0x100199b8      0x4  dhcps.o [1]
    .bss                  zero     0x100199bc      0x4  dhcps.o [1]
    .bss                  zero     0x100199c0      0x4  dhcps.o [1]
    .bss                  zero     0x100199c4      0x4  dhcps.o [1]
    .bss                  zero     0x100199c8      0x4  dhcps.o [1]
    .bss                  zero     0x100199cc      0x4  dhcps.o [1]
    .bss                  zero     0x100199d0      0x4  dhcps.o [1]
    .bss                  zero     0x100199d4      0x4  dhcps.o [1]
    .bss                  zero     0x100199d8      0x4  dhcps.o [1]
    .bss                  zero     0x100199dc      0x4  dhcps.o [1]
    .bss                  zero     0x100199e0      0x4  dhcps.o [1]
    .bss                  zero     0x100199e4      0x4  dhcps.o [1]
    .bss                  zero     0x100199e8      0x4  dhcps.o [1]
    .bss                  zero     0x100199ec      0x4  dhcps.o [1]
    .bss                  zero     0x100199f0      0x4  dhcps.o [1]
    .bss                  zero     0x100199f4    0x620  dhcps.o [1]
    .bss                  zero     0x1001a014      0x4  dhcps.o [1]
    .bss                  zero     0x1001a018      0x8  dhcps.o [1]
    .bss                  zero     0x1001a020      0x4  dhcps.o [1]
    .bss                  zero     0x1001a024      0x4  dhcps.o [1]
    .bss                  zero     0x1001a028     0x10  dns.o [1]
    .bss                  zero     0x1001a038    0x440  dns.o [1]
    .bss                  zero     0x1001a478     0x30  dns.o [1]
    .bss                  zero     0x1001a4a8      0x8  dns.o [1]
    .bss                  zero     0x1001a4b0    0x204  dns.o [1]
    .bss                  zero     0x1001a6b4      0x4  dns.o [1]
    .bss                  zero     0x1001a6b8      0xc  ecp.o [1]
    .bss                  zero     0x1001a6c4      0x4  ecp.o [1]
    .bss                  zero     0x1001a6c8    0x158  encryption.o [1]
    .bss                  zero     0x1001a820     0x20  encryption.o [1]
    .bss                  zero     0x1001a840     0xc8  etharp.o [1]
    .bss                  zero     0x1001a908      0x4  etharp.o [1]
    .bss                  zero     0x1001a90c     0x40  fota.o [1]
    .bss                  zero     0x1001a94c     0x10  fota.o [1]
    .bss                  zero     0x1001a95c     0x34  fota.o [1]
    .bss                  zero     0x1001a990      0x4  fota.o [1]
    .bss                  zero     0x1001a994    0x400  freertos_callback.o [1]
    .bss                  zero     0x1001ad94   0x1000  freertos_callback.o [1]
    .bss                  zero     0x1001bd94     0x68  freertos_callback.o [1]
    .bss                  zero     0x1001bdfc     0x68  freertos_callback.o [1]
    .bss                  zero     0x1001be64      0x4  gpio_test.o [1]
    .bss                  zero     0x1001be68      0x4  gpio_test.o [1]
    .bss                  zero     0x1001be6c      0x4  heap_4.o [1]
    .bss                  zero     0x1001be70      0x8  heap_4.o [1]
    .bss                  zero     0x1001be78      0x4  heap_4.o [1]
    .bss                  zero     0x1001be7c      0x4  heap_4.o [1]
    .bss                  zero     0x1001be80      0x4  heap_4.o [1]
    .bss                  zero     0x1001be84      0x4  heap_4.o [1]
    .bss                  zero     0x1001be88      0x4  heap_4.o [1]
    .bss                  zero     0x1001be8c      0x4  heap_4.o [1]
    .bss                  zero     0x1001be90      0x4  heap_4.o [1]
    .bss                  zero     0x1001be94      0x4  i2c_test.o [1]
    .bss                  zero     0x1001be98      0x4  i2c_test.o [1]
    .bss                  zero     0x1001be9c      0x4  i2c_test.o [1]
    .bss                  zero     0x1001bea0      0x4  i2c_test.o [1]
    .bss                  zero     0x1001bea4      0x4  i2c_test.o [1]
    .bss                  zero     0x1001bea8     0x80  i2c_test.o [1]
    .bss                  zero     0x1001bf28     0x80  i2c_test.o [1]
    .bss                  zero     0x1001bfa8     0x10  i2c_test.o [1]
    .bss                  zero     0x1001bfb8     0x10  i2c_test.o [1]
    .bss                  zero     0x1001bfc8     0x10  i2c_test.o [1]
    .bss                  zero     0x1001bfd8     0x10  i2c_test.o [1]
    .bss                  zero     0x1001bfe8     0x10  i2c_test.o [1]
    .bss                  zero     0x1001bff8     0x10  i2c_test.o [1]
    .bss                  zero     0x1001c008      0x4  i2c_test.o [1]
    .bss                  zero     0x1001c00c      0x4  i2c_test.o [1]
    .bss                  zero     0x1001c010      0x4  i2c_test.o [1]
    .bss                  zero     0x1001c014      0x4  i2c_test.o [1]
    .bss                  zero     0x1001c018      0x4  i2c_test.o [1]
    .bss                  zero     0x1001c01c      0x4  i2c_test.o [1]
    .bss                  zero     0x1001c020      0x4  i2c_test.o [1]
    .bss                  zero     0x1001c024      0x4  i2c_test.o [1]
    .bss                  zero     0x1001c028    0x200  i2c_test.o [1]
    .bss                  zero     0x1001c228     0x48  i2s_test.o [1]
    .bss                  zero     0x1001c270    0xfa0  i2s_test.o [1]
    .bss                  zero     0x1001d210    0xfa0  i2s_test.o [1]
    .bss                  zero     0x1001e1b0      0x4  igmp.o [1]
    .bss                  zero     0x1001e1b4      0x4  igmp.o [1]
    .bss                  zero     0x1001e1b8      0x4  igmp.o [1]
    .bss                  zero     0x1001e1bc      0x4  ip.o [1]
    .bss                  zero     0x1001e1c0      0x4  ip.o [1]
    .bss                  zero     0x1001e1c4      0x4  ip.o [1]
    .bss                  zero     0x1001e1c8      0x4  ip.o [1]
    .bss                  zero     0x1001e1cc     0x10  ip_addr.o [1]
    .bss                  zero     0x1001e1dc      0x4  ip_frag.o [1]
    .bss                  zero     0x1001e1e0      0x4  ipref_sockets.o [1]
    .bss                  zero     0x1001e1e4      0x4  ipref_sockets.o [1]
    .bss                  zero     0x1001e1e8      0x4  ipref_sockets.o [1]
    .bss                  zero     0x1001e1ec     0x10  ipref_sockets.o [1]
    .bss                  zero     0x1001e1fc     0xbc  IR.o [1]
    .bss                  zero     0x1001e2b8      0x4  IR.o [1]
    .bss                  zero     0x1001e2bc      0x4  IR.o [1]
    .bss                  zero     0x1001e2c0      0x4  IR.o [1]
    .bss                  zero     0x1001e2c4      0x4  IR.o [1]
    .bss                  zero     0x1001e2c8      0x4  IR.o [1]
    .bss                  zero     0x1001e2cc      0x4  IR.o [1]
    .bss                  zero     0x1001e2d0      0x4  IR.o [1]
    .bss                  zero     0x1001e2d4     0x48  Light_fun.o [1]
    .bss                  zero     0x1001e31c      0xc  Light_fun.o [1]
    .bss                  zero     0x1001e328      0xc  Light_fun.o [1]
    .bss                  zero     0x1001e334      0xc  Light_fun.o [1]
    .bss                  zero     0x1001e340      0x4  Light_fun.o [1]
    .bss                  zero     0x1001e344      0x4  Light_fun.o [1]
    .bss                  zero     0x1001e348      0x4  Light_fun.o [1]
    .bss                  zero     0x1001e34c      0x4  Light_fun.o [1]
    .bss                  zero     0x1001e350      0x8  Light_fun.o [1]
    .bss                  zero     0x1001e358      0x4  Light_fun.o [1]
    .bss                  zero     0x1001e35c      0xc  Light_fun.o [1]
    .bss                  zero     0x1001e368      0x4  lwip_timers.o [1]
    .bss                  zero     0x1001e36c      0x4  lwip_timers.o [1]
    .bss                  zero     0x1001e370   0x1414  mem.o [1]
    .bss                  zero     0x1001f784      0x4  mem.o [1]
    .bss                  zero     0x1001f788      0x4  mem.o [1]
    .bss                  zero     0x1001f78c      0x4  mem.o [1]
    .bss                  zero     0x1001f790      0x4  mem.o [1]
    .bss                  zero     0x1001f794     0x40  memp.o [1]
    .bss                  zero     0x1001f7d4   0x9284  memp.o [1]
    .bss                  zero     0x10028a58      0x4  mqtt_test.o [1]
    .bss                  zero     0x10028a5c      0x4  mqtt_test.o [1]
    .bss                  zero     0x10028a60      0x4  MQTTPacket.o [1]
    .bss                  zero     0x10028a64      0x4  netdb.o [1]
    .bss                  zero     0x10028a68     0x14  netdb.o [1]
    .bss                  zero     0x10028a7c      0x4  netdb.o [1]
    .bss                  zero     0x10028a80      0x4  netdb.o [1]
    .bss                  zero     0x10028a84      0x8  netdb.o [1]
    .bss                  zero     0x10028a8c      0x4  netif.o [1]
    .bss                  zero     0x10028a90      0x4  netif.o [1]
    .bss                  zero     0x10028a94      0xc  ota_test.o [1]
    .bss                  zero     0x10028aa0     0x40  ota_test.o [1]
    .bss                  zero     0x10028ae0      0x4  ota_test.o [1]
    .bss                  zero     0x10028ae4      0x4  ping.o [1]
    .bss                  zero     0x10028ae8      0x4  ping.o [1]
    .bss                  zero     0x10028aec     0x10  ping.o [1]
    .bss                  zero     0x10028afc      0x4  ping.o [1]
    .bss                  zero     0x10028b00      0x4  ping.o [1]
    .bss                  zero     0x10028b04      0x4  port.o [1]
    .bss                  zero     0x10028b08      0x4  port.o [1]
    .bss                  zero     0x10028b0c      0x4  port.o [1]
    .bss                  zero     0x10028b10      0x4  raw.o [1]
    .bss                  zero     0x10028b14     0x64  rtc_test.o [1]
    .bss                  zero     0x10028b78      0x4  s907x_wlan.o [1]
    .bss                  zero     0x10028b7c      0x4  sci_lwiperf.o [1]
    .bss                  zero     0x10028b80      0x4  sntp.o [1]
    .bss                  zero     0x10028b84      0x8  sntp.o [1]
    .bss                  zero     0x10028b8c      0x4  sntp.o [1]
    .bss                  zero     0x10028b90      0x4  sntp_time.o [1]
    .bss                  zero     0x10028b94    0x120  sockets.o [1]
    .bss                  zero     0x10028cb4      0x4  sockets.o [1]
    .bss                  zero     0x10028cb8      0x4  sockets.o [1]
    .bss                  zero     0x10028cbc     0x7c  spi_test.o [1]
    .bss                  zero     0x10028d38     0x7c  spi_test.o [1]
    .bss                  zero     0x10028db4     0x7c  spi_test.o [1]
    .bss                  zero     0x10028e30     0x7c  spi_test.o [1]
    .bss                  zero     0x10028eac      0x4  spi_test.o [1]
    .bss                  zero     0x10028eb0      0x4  spi_test.o [1]
    .bss                  zero     0x10028eb4      0x4  spi_test.o [1]
    .bss                  zero     0x10028eb8      0x4  spi_test.o [1]
    .bss                  zero     0x10028ebc      0x4  spi_test.o [1]
    .bss                  zero     0x10028ec0     0x40  spi_test.o [1]
    .bss                  zero     0x10028f00     0x40  spi_test.o [1]
    .bss                  zero     0x10028f40     0x40  spi_test.o [1]
    .bss                  zero     0x10028f80     0x40  spi_test.o [1]
    .bss                  zero     0x10028fc0     0x80  spi_test.o [1]
    .bss                  zero     0x10029040     0x80  spi_test.o [1]
    .bss                  zero     0x100290c0     0x80  spi_test.o [1]
    .bss                  zero     0x10029140     0x80  spi_test.o [1]
    .bss                  zero     0x100291c0      0x4  spi_test.o [1]
    .bss                  zero     0x100291c4      0x4  spi_test.o [1]
    .bss                  zero     0x100291c8      0x4  spi_test.o [1]
    .bss                  zero     0x100291cc      0x4  spi_test.o [1]
    .bss                  zero     0x100291d0      0x4  spi_test.o [1]
    .bss                  zero     0x100291d4      0x4  spi_test.o [1]
    .bss                  zero     0x100291d8      0x4  spi_test.o [1]
    .bss                  zero     0x100291dc      0x4  spi_test.o [1]
    .bss                  zero     0x100291e0    0x190  store.o [1]
    .bss                  zero     0x10029370     0x30  sys_arch.o [1]
    .bss                  zero     0x100293a0      0x4  system_start.o [1]
    .bss                  zero     0x100293a4     0x28  system_start.o [1]
    .bss                  zero     0x100293cc      0x4  system_start.o [1]
    .bss                  zero     0x100293d0      0x4  tasks.o [1]
    .bss                  zero     0x100293d4     0xdc  tasks.o [1]
    .bss                  zero     0x100294b0     0x14  tasks.o [1]
    .bss                  zero     0x100294c4     0x14  tasks.o [1]
    .bss                  zero     0x100294d8      0x4  tasks.o [1]
    .bss                  zero     0x100294dc      0x4  tasks.o [1]
    .bss                  zero     0x100294e0     0x14  tasks.o [1]
    .bss                  zero     0x100294f4     0x14  tasks.o [1]
    .bss                  zero     0x10029508      0x4  tasks.o [1]
    .bss                  zero     0x1002950c     0x14  tasks.o [1]
    .bss                  zero     0x10029520      0x4  tasks.o [1]
    .bss                  zero     0x10029524      0x4  tasks.o [1]
    .bss                  zero     0x10029528      0x4  tasks.o [1]
    .bss                  zero     0x1002952c      0x4  tasks.o [1]
    .bss                  zero     0x10029530      0x4  tasks.o [1]
    .bss                  zero     0x10029534      0x4  tasks.o [1]
    .bss                  zero     0x10029538      0x4  tasks.o [1]
    .bss                  zero     0x1002953c      0x4  tasks.o [1]
    .bss                  zero     0x10029540      0x4  tasks.o [1]
    .bss                  zero     0x10029544      0x4  tasks.o [1]
    .bss                  zero     0x10029548      0x4  tasks.o [1]
    .bss                  zero     0x1002954c      0x4  tcp.o [1]
    .bss                  zero     0x10029550      0x4  tcp.o [1]
    .bss                  zero     0x10029554      0x4  tcp.o [1]
    .bss                  zero     0x10029558      0x4  tcp.o [1]
    .bss                  zero     0x1002955c      0x4  tcp.o [1]
    .bss                  zero     0x10029560      0x4  tcp.o [1]
    .bss                  zero     0x10029564     0x40  tcp_client.o [1]
    .bss                  zero     0x100295a4      0x4  tcp_client.o [1]
    .bss                  zero     0x100295a8      0x4  tcp_client.o [1]
    .bss                  zero     0x100295ac      0x4  tcp_client.o [1]
    .bss                  zero     0x100295b0      0x4  tcp_client.o [1]
    .bss                  zero     0x100295b4      0x4  tcp_client.o [1]
    .bss                  zero     0x100295b8      0x4  tcp_client.o [1]
    .bss                  zero     0x100295bc      0x4  tcp_client.o [1]
    .bss                  zero     0x100295c0      0x4  tcp_client.o [1]
    .bss                  zero     0x100295c4      0x4  tcp_client.o [1]
    .bss                  zero     0x100295c8      0xc  tcp_client.o [1]
    .bss                  zero     0x100295d4     0x10  tcp_client.o [1]
    .bss                  zero     0x100295e4      0x4  tcp_client.o [1]
    .bss                  zero     0x100295e8      0x4  tcp_client.o [1]
    .bss                  zero     0x100295ec      0x4  tcp_client.o [1]
    .bss                  zero     0x100295f0     0xc8  tcp_client.o [1]
    .bss                  zero     0x100296b8      0x4  tcp_client.o [1]
    .bss                  zero     0x100296bc      0x4  tcp_client.o [1]
    .bss                  zero     0x100296c0      0x4  tcp_client.o [1]
    .bss                  zero     0x100296c4      0x4  tcp_client.o [1]
    .bss                  zero     0x100296c8      0x4  tcp_client.o [1]
    .bss                  zero     0x100296cc      0x4  tcp_client.o [1]
    .bss                  zero     0x100296d0      0x4  tcp_client.o [1]
    .bss                  zero     0x100296d4     0x10  tcp_in.o [1]
    .bss                  zero     0x100296e4      0x4  tcp_in.o [1]
    .bss                  zero     0x100296e8      0x4  tcp_in.o [1]
    .bss                  zero     0x100296ec      0x4  tcp_in.o [1]
    .bss                  zero     0x100296f0      0x4  tcp_in.o [1]
    .bss                  zero     0x100296f4      0x4  tcp_in.o [1]
    .bss                  zero     0x100296f8      0x4  tcp_in.o [1]
    .bss                  zero     0x100296fc      0x4  tcp_perf.o [1]
    .bss                  zero     0x10029700     0x10  tcp_perf.o [1]
    .bss                  zero     0x10029710     0x10  tcp_perf.o [1]
    .bss                  zero     0x10029720      0x4  tcp_perf.o [1]
    .bss                  zero     0x10029724     0x20  tcp_perf.o [1]
    .bss                  zero     0x10029744      0x4  tcp_perf.o [1]
    .bss                  zero     0x10029748      0x4  tcpip.o [1]
    .bss                  zero     0x1002974c      0x4  tcpip.o [1]
    .bss                  zero     0x10029750      0x4  tcpip.o [1]
    .bss                  zero     0x10029754      0x4  tcpip.o [1]
    .bss                  zero     0x10029758     0xbc  timer_test.o [1]
    .bss                  zero     0x10029814     0xac  timer_test.o [1]
    .bss                  zero     0x100298c0      0x4  timer_test.o [1]
    .bss                  zero     0x100298c4      0x4  timer_test.o [1]
    .bss                  zero     0x100298c8      0x4  timer_test.o [1]
    .bss                  zero     0x100298cc      0x4  timer_test.o [1]
    .bss                  zero     0x100298d0     0x50  timer_test.o [1]
    .bss                  zero     0x10029920     0x14  timers.o [1]
    .bss                  zero     0x10029934     0x14  timers.o [1]
    .bss                  zero     0x10029948      0x4  timers.o [1]
    .bss                  zero     0x1002994c      0x4  timers.o [1]
    .bss                  zero     0x10029950      0x4  timers.o [1]
    .bss                  zero     0x10029954      0x4  timers.o [1]
    .bss                  zero     0x10029958      0x4  timers.o [1]
    .bss                  zero     0x1002995c     0x48  timers.o [1]
    .bss                  zero     0x100299a4     0xa0  timers.o [1]
    .bss                  zero     0x10029a44      0x8  transport.o [1]
    .bss                  zero     0x10029a4c     0x88  uart_test.o [1]
    .bss                  zero     0x10029ad4    0x100  uart_test.o [1]
    .bss                  zero     0x10029bd4    0x100  uart_test.o [1]
    .bss                  zero     0x10029cd4      0x4  uart_test.o [1]
    .bss                  zero     0x10029cd8      0x4  uart_test.o [1]
    .bss                  zero     0x10029cdc      0x4  uart_test.o [1]
    .bss                  zero     0x10029ce0      0x4  uart_test.o [1]
    .bss                  zero     0x10029ce4      0x4  uart_test.o [1]
    .bss                  zero     0x10029ce8    0x100  uart_test.o [1]
    .bss                  zero     0x10029de8    0x100  uart_test.o [1]
    .bss                  zero     0x10029ee8    0x100  uart_test.o [1]
    .bss                  zero     0x10029fe8    0x100  uart_test.o [1]
    .bss                  zero     0x1002a0e8      0x4  udp.o [1]
    .bss                  zero     0x1002a0ec      0x4  udp_perf.o [1]
    .bss                  zero     0x1002a0f0     0x10  udp_perf.o [1]
    .bss                  zero     0x1002a100      0x4  udp_perf.o [1]
    .bss                  zero     0x1002a104      0x4  udp_perf.o [1]
    .bss                  zero     0x1002a108      0xc  wdg_test.o [1]
    .bss                  zero     0x1002a114      0x4  WIFI_config.o [1]
    .bss                  zero     0x1002a118      0xc  WIFI_config.o [1]
    .bss                  zero     0x1002a124      0x8  WIFI_config.o [1]
    .bss                  zero     0x1002a12c     0x10  WIFI_config.o [1]
    .bss                  zero     0x1002a13c     0x68  WIFI_config.o [1]
    .bss                  zero     0x1002a1a4     0x24  WIFI_config.o [1]
    .bss                  zero     0x1002a1c8     0x44  WIFI_config.o [1]
    .bss                  zero     0x1002a20c      0x4  WIFI_config.o [1]
    .bss                  zero     0x1002a210      0x4  WIFI_config.o [1]
    .bss                  zero     0x1002a214      0x4  wlan_test.o [1]
    .bss                  zero     0x1002a218      0x4  wlan_test.o [1]
    .bss                  zero     0x1002a21c      0x8  wlan_test.o [1]
    .bss                  zero     0x1002a224      0x4  wlan_test.o [1]
    .bss                  zero     0x1002a228      0x4  wlan_test.o [1]
    .bss                  zero     0x1002a22c      0x4  wlan_test.o [1]
    .bss                  zero     0x1002a230     0x20  ZG_system.o [1]
    .bss                  zero     0x1002a250     0x20  ZG_system.o [1]
    .bss                  zero     0x1002a270      0x4  ZG_system.o [1]
    .bss                  zero     0x1002a274      0x4  ZG_system.o [1]
    .bss                  zero     0x1002a278      0x4  ZG_system.o [1]
    .bss                  zero     0x1002a27c      0x4  os_api.o [7]
    .bss                  zero     0x1002a280      0x4  mbedtls_crypto.o [6]
    .bss                  zero     0x1002a284     0xc4  wlan_api.o [7]
    .bss                  zero     0x1002a348      0x4  wlan_uart_utils.o [6]
    .bss                  zero     0x1002a34c      0x4  wlan_uart_utils.o [6]
    .bss                  zero     0x1002a350      0x4  wlan_uart_utils.o [6]
    .bss                  zero     0x1002a354      0x4  wlan_uart_utils.o [6]
    .bss                  zero     0x1002a358     0x88  lwip_conf.o [6]
    .bss                  zero     0x1002a3e0     0x20  lwip_conf.o [6]
    .bss                  zero     0x1002a400      0x4  lwip_conf.o [6]
    .bss                  zero     0x1002a404     0x44  lwip_conf.o [6]
    .bss                  zero     0x1002a448      0x4  hal_i2c.o [7]
    .bss                  zero     0x1002a44c      0x4  hal_rtc.o [7]
    .bss                  zero     0x1002a450     0x18  dlmalloc.o [3]
    .bss                  zero     0x1002a468    0x1d8  dlmalloc.o [3]
    .bss                  zero     0x1002a640      0x4  xgetmemchunk.o [3]
    .bss                  zero     0x1002a644      0x2  ip.o [1]
    .bss                  zero     0x1002a646      0x2  ip_frag.o [1]
    .bss                  zero     0x1002a648      0x2  sys_arch.o [1]
    .bss                  zero     0x1002a64a      0x2  tcp_client.o [1]
    .bss                  zero     0x1002a64c      0x2  tcp_client.o [1]
    .bss                  zero     0x1002a64e      0x2  tcp_in.o [1]
    .bss                  zero     0x1002a650      0x2  timer_test.o [1]
    .bss                  zero     0x1002a652      0x1  auto_report.o [1]
    .bss                  zero     0x1002a653      0x1  auto_report.o [1]
    .bss                  zero     0x1002a654      0x1  auto_report.o [1]
    .bss                  zero     0x1002a655      0x1  dhcps.o [1]
    .bss                  zero     0x1002a656      0x1  dns.o [1]
    .bss                  zero     0x1002a657      0x1  dns.o [1]
    .bss                  zero     0x1002a658      0x1  etharp.o [1]
    .bss                  zero     0x1002a659      0x1  gpio_test.o [1]
    .bss                  zero     0x1002a65a      0x1  IR.o [1]
    .bss                  zero     0x1002a65b      0x1  IR.o [1]
    .bss                  zero     0x1002a65c      0x1  IR.o [1]
    .bss                  zero     0x1002a65d      0x1  IR.o [1]
    .bss                  zero     0x1002a65e      0x1  IR.o [1]
    .bss                  zero     0x1002a65f      0x1  Light_fun.o [1]
    .bss                  zero     0x1002a660      0x1  Light_fun.o [1]
    .bss                  zero     0x1002a661      0x1  Light_fun.o [1]
    .bss                  zero     0x1002a662      0x1  Light_fun.o [1]
    .bss                  zero     0x1002a663      0x1  Light_fun.o [1]
    .bss                  zero     0x1002a664      0x1  Light_fun.o [1]
    .bss                  zero     0x1002a665      0x1  Light_fun.o [1]
    .bss                  zero     0x1002a666      0x1  Light_fun.o [1]
    .bss                  zero     0x1002a667      0x1  Light_fun.o [1]
    .bss                  zero     0x1002a668      0x1  Light_fun.o [1]
    .bss                  zero     0x1002a669      0x1  Light_fun.o [1]
    .bss                  zero     0x1002a66a      0x1  Light_fun.o [1]
    .bss                  zero     0x1002a66b      0x1  Light_fun.o [1]
    .bss                  zero     0x1002a66c      0x1  Light_fun.o [1]
    .bss                  zero     0x1002a66d      0x1  Light_fun.o [1]
    .bss                  zero     0x1002a66e      0x1  Light_fun.o [1]
    .bss                  zero     0x1002a66f      0x1  Light_fun.o [1]
    .bss                  zero     0x1002a670      0x1  Light_fun.o [1]
    .bss                  zero     0x1002a671      0x1  Light_fun.o [1]
    .bss                  zero     0x1002a672      0x1  Light_fun.o [1]
    .bss                  zero     0x1002a673      0x1  Light_fun.o [1]
    .bss                  zero     0x1002a674      0x1  Light_fun.o [1]
    .bss                  zero     0x1002a675      0x1  Light_fun.o [1]
    .bss                  zero     0x1002a676      0x1  netif.o [1]
    .bss                  zero     0x1002a677      0x1  pbuf.o [1]
    .bss                  zero     0x1002a678      0x1  sntp.o [1]
    .bss                  zero     0x1002a679      0x1  spi_test.o [1]
    .bss                  zero     0x1002a67a      0x1  spi_test.o [1]
    .bss                  zero     0x1002a67b      0x1  spi_test.o [1]
    .bss                  zero     0x1002a67c      0x1  spi_test.o [1]
    .bss                  zero     0x1002a67d      0x1  spi_test.o [1]
    .bss                  zero     0x1002a67e      0x1  spi_test.o [1]
    .bss                  zero     0x1002a67f      0x1  spi_test.o [1]
    .bss                  zero     0x1002a680      0x1  spi_test.o [1]
    .bss                  zero     0x1002a681      0x1  tcp.o [1]
    .bss                  zero     0x1002a682      0x1  tcp.o [1]
    .bss                  zero     0x1002a683      0x1  tcp.o [1]
    .bss                  zero     0x1002a684      0x1  tcp_client.o [1]
    .bss                  zero     0x1002a685      0x1  tcp_client.o [1]
    .bss                  zero     0x1002a686      0x1  tcp_client.o [1]
    .bss                  zero     0x1002a687      0x1  tcp_client.o [1]
    .bss                  zero     0x1002a688      0x1  tcp_in.o [1]
    .bss                  zero     0x1002a689      0x1  tcp_in.o [1]
    .bss                  zero     0x1002a68a      0x1  timer_test.o [1]
    .bss                  zero     0x1002a68b      0x1  timer_test.o [1]
    .bss                  zero     0x1002a68c      0x1  uart_test.o [1]
    .bss                  zero     0x1002a68d      0x1  uart_test.o [1]
    .bss                  zero     0x1002a68e      0x1  uart_test.o [1]
    .bss                  zero     0x1002a68f      0x1  WIFI_config.o [1]
    .bss                  zero     0x1002a690      0x1  WIFI_config.o [1]
    .bss                  zero     0x1002a691      0x1  WIFI_config.o [1]
    .bss                  zero     0x1002a692      0x1  WIFI_config.o [1]
    .bss                  zero     0x1002a693      0x1  wlan_test.o [1]
    .bss                  zero     0x1002a694      0x1  ZG_AT_CMD.o [1]
    .bss                  zero     0x1002a695      0x1  ZG_system.o [1]
    .bss                  zero     0x1002a696      0x1  ZG_system.o [1]
    .bss                  zero     0x1002a697      0x1  ZG_system.o [1]
    .bss                  zero     0x1002a698      0x1  wlan_uart_utils.o [6]
    .bss                  zero     0x1002a699      0x1  wlan_uart_utils.o [6]
  .heap.start                      0x1002a69c      0x4  <Block>
    .heap.start.data      zero     0x1002a69c      0x1  heap_4.o [1]
                                 - 0x1002a6a0  0x14da0

"A2":                                          0x6df08
  .ota1_image.text                 0x18060020  0x6df08  <Block>
    .text                 ro code  0x18060020    0x4e4  adc_test.o [1]
    .text                 ro code  0x18060504    0x480  hal_adc.o [7]
    .text                 ro code  0x18060984     0xe6  helper.o [7]
    .text                 ro code  0x18060a6a     0x1a  xsnprout.o [3]
    .text                 ro code  0x18060a84    0x2fc  os_api.o [7]
    .text                 ro code  0x18060d80     0x90  DblToFlt.o [4]
    .text                 ro code  0x18060e10     0x66  ABImemset.o [5]
    .text                 ro code  0x18060e76      0xa  xsprout.o [3]
    .text                 ro code  0x18060e80     0xb8  hal_rcc.o [7]
    .text                 ro code  0x18060f38     0x72  hal_clk.o [7]
    .text                 ro code  0x18060faa    0x292  hal_interrupt.o [7]
    .text                 ro code  0x1806123c     0x30  I32ToDbl.o [4]
    .text                 ro code  0x1806126c    0x1a2  DblMul.o [4]
    .text                 ro code  0x1806140e     0x1e  xsscin.o [3]
    .text                 ro code  0x1806142c     0xe8  DblAdd.o [4]
    .text                 ro code  0x18061514    0x898  wlan_api.o [7]
    .text                 ro code  0x18061dac    0x888  queue.o [1]
    .text                 ro code  0x18062634   0x10a4  tasks.o [1]
    .text                 ro code  0x180636d8    0x132  port.o [1]
    .text                 ro code  0x1806380c    0x274  heap_4.o [1]
    .text                 ro code  0x18063a80    0x180  DblSub.o [4]
    .text                 ro code  0x18063c00     0x76  ABImemcpy_unaligned.o [5]
    .text                 ro code  0x18063c78     0x34  sprintf.o [3]
    .text                 ro code  0x18063cac     0x24  sscanf.o [3]
    .text                 ro code  0x18063cd0     0x9e  list.o [1]
    .text                 ro code  0x18063d70     0x56  freertos_callback.o [1]
    .text                 ro code  0x18063dc8    0x4dc  timers.o [1]
    .text                 ro code  0x180642a4   0x1156  xprintffull.o [3]
    .text                 ro code  0x180653fc    0x630  xscanflarge_nomb.o [3]
    .text                 ro code  0x18065a2c     0x20  xmbtowc.o [3]
    .text                 ro code  0x18065a4c     0x16  strchr.o [5]
    .text                 ro code  0x18065a64     0x36  strlen.o [5]
    .text                 ro code  0x18065a9c     0x58  memchr.o [5]
    .text                 ro code  0x18065af4      0xa  xmbcurmax.o [3]
    .text                 ro code  0x18065b00   0x1550  dlmalloc.o [3]
    .text                 ro code  0x18067050     0x1a  xwctomb.o [3]
    .text                 ro code  0x1806706c     0xee  I64DivMod.o [5]
    .text                 ro code  0x1806715a     0x42  xdnorm.o [4]
    .text                 ro code  0x1806719c     0x2e  DblCmpLe.o [4]
    .text                 ro code  0x180671cc     0x2e  DblCmpGe.o [4]
    .text                 ro code  0x180671fc    0x118  xdscale.o [4]
    .text                 ro code  0x18067314     0x58  DblToI32.o [4]
    .text                 ro code  0x1806736c    0x256  DblDiv.o [4]
    .text                 ro code  0x180675c4     0x6c  localeconv.o [3]
    .text                 ro code  0x18067630      0xe  div.o [3]
    .text                 ro code  0x1806763e     0x14  isxxx.o [3]
    .text                 ro code  0x18067652     0x88  xstol.o [3]
    .text                 ro code  0x180676dc    0x198  xstoul.o [3]
    .text                 ro code  0x18067874     0x54  setlocale.o [3]
    .text                 ro code  0x180678c8     0x60  xencoding_sb.o [3]
    .text                 ro code  0x18067928      0x6  abort.o [3]
    .text                 ro code  0x18067930     0x2c  xgetmemchunk.o [3]
    .text                 ro code  0x1806795c      0x6  ABImemclr.o [5]
    .text                 ro code  0x18067964      0x2  I64DivZer.o [5]
    .text                 ro code  0x18067966      0x2  xtls.o [3]
    .text                 ro code  0x18067968     0x14  xlocale_c.o [3]
    .text                 ro code  0x1806797c      0xc  errno.o [3]
    .text                 ro code  0x18067988     0x14  tolower.o [3]
    .text                 ro code  0x1806799c     0x14  exit.o [8]
    .text                 ro code  0x180679b0      0xc  xlocale_c.o [3]
    .text                 ro code  0x180679bc    0x7b2  aes.o [1]
    .text                 ro code  0x18068170    0xc7c  mbedtls_crypto.o [6]
    .text                 ro code  0x18068dec    0x474  des.o [1]
    .text                 ro code  0x18069260    0x680  api_lib.o [1]
    .text                 ro code  0x180698e0    0xf70  api_msg.o [1]
    .text                 ro code  0x1806a850    0x274  tcpip.o [1]
    .text                 ro code  0x1806aac4    0x248  sys_arch.o [1]
    .text                 ro code  0x1806ad0c     0xd8  memp.o [1]
    .text                 ro code  0x1806ade4    0x70e  pbuf.o [1]
    .text                 ro code  0x1806b4f2     0x26  netbuf.o [1]
    .text                 ro code  0x1806b518   0x10d4  tcp.o [1]
    .text                 ro code  0x1806c5ec    0x1e8  raw.o [1]
    .text                 ro code  0x1806c7d4    0x5f8  udp.o [1]
    .text                 ro code  0x1806cdcc    0xe18  tcp_out.o [1]
    .text                 ro code  0x1806dbe4     0x42  strcmp_unaligned.o [5]
    .text                 ro code  0x1806dc28    0xaf0  dns.o [1]
    .text                 ro code  0x1806e718    0x320  lwip_timers.o [1]
    .text                 ro code  0x1806ea38    0xb54  etharp.o [1]
    .text                 ro code  0x1806f58c    0x504  ip.o [1]
    .text                 ro code  0x1806fa90     0x2c  init.o [1]
    .text                 ro code  0x1806fabc    0x3c0  mem.o [1]
    .text                 ro code  0x1806fe7c    0x318  ip_addr.o [1]
    .text                 ro code  0x18070194     0x3e  def.o [1]
    .text                 ro code  0x180701d2    0x1ac  inet_chksum.o [1]
    .text                 ro code  0x18070380    0x234  icmp.o [1]
    .text                 ro code  0x180705b4    0x710  ip_frag.o [1]
    .text                 ro code  0x18070cc4   0x12d2  dhcp.o [1]
    .text                 ro code  0x18071f98    0x3be  autoip.o [1]
    .text                 ro code  0x18072358    0x594  igmp.o [1]
    .text                 ro code  0x180728ec   0x18ac  tcp_in.o [1]
    .text                 ro code  0x18074198    0x256  netif.o [1]
    .text                 ro code  0x180743f0   0x17dc  sockets.o [1]
    .text                 ro code  0x18075bcc    0x474  asn1parse.o [1]
    .text                 ro code  0x18076040   0x2708  bignum.o [1]
    .text                 ro code  0x18078748    0x1e2  asn1write.o [1]
    .text                 ro code  0x1807892c    0x8e8  at_cmd.o [1]
    .text                 ro code  0x18079214     0x2c  s907x_cortex.o [1]
    .text                 ro code  0x18079240    0x3d0  at_test.o [1]
    .text                 ro code  0x18079610    0x258  wlan_uart_utils.o [6]
    .text                 ro code  0x18079868     0x10  hal_loguart.o [7]
    .text                 ro code  0x18079878    0x2cc  utils.o [1]
    .text                 ro code  0x18079b44      0x6  ABImemclr4.o [5]
    .text                 ro code  0x18079b4a      0x8  atoi.o [3]
    .text                 ro code  0x18079b54    0x808  gpio_test.o [1]
    .text                 ro code  0x1807a35c   0x1f9c  i2c_test.o [1]
    .text                 ro code  0x1807c2f8   0x1580  uart_test.o [1]
    .text                 ro code  0x1807d878   0x2448  spi_test.o [1]
    .text                 ro code  0x1807fcc0    0x364  i2s_test.o [1]
    .text                 ro code  0x18080024   0x1084  timer_test.o [1]
    .text                 ro code  0x180810a8    0x45c  rtc_test.o [1]
    .text                 ro code  0x18081504    0x158  wdg_test.o [1]
    .text                 ro code  0x1808165c      0x4  strtoul.o [3]
    .text                 ro code  0x18081660    0x214  flash_test.o [1]
    .text                 ro code  0x18081874     0xe8  ping_test.o [1]
    .text                 ro code  0x1808195c    0x220  iperf_test.o [1]
    .text                 ro code  0x18081b7c    0x580  mqtt_test.o [1]
    .text                 ro code  0x180820fc   0x2068  wlan_test.o [1]
    .text                 ro code  0x18084164    0xa80  ota_test.o [1]
    .text                 ro code  0x18084be4     0x26  at_net_utils.o [6]
    .text                 ro code  0x18084c0c     0x1a  hal_flash.o [7]
    .text                 ro code  0x18084c26     0x10  ZG_AT_CMD.o [1]
    .text                 ro code  0x18084c38     0x32  ABImemset48.o [5]
    .text                 ro code  0x18084c6c     0xd6  hal_gpio.o [7]
    .text                 ro code  0x18084d44     0x40  hal_pinmux.o [7]
    .text                 ro code  0x18084d84    0xaec  hal_i2c.o [7]
    .text                 ro code  0x18085870     0x62  memcmp_unaligned.o [5]
    .text                 ro code  0x180858d4    0x454  hal_timer.o [7]
    .text                 ro code  0x18085d28    0x4c8  hal_uart.o [7]
    .text                 ro code  0x180861f0    0x68c  hal_spi.o [7]
    .text                 ro code  0x1808687c    0x140  hal_i2s.o [7]
    .text                 ro code  0x180869bc    0x2cc  hal_rtc.o [7]
    .text                 ro code  0x18086c88     0x6c  sntp_api.o [1]
    .text                 ro code  0x18086cf4     0x80  hal_wdg.o [7]
    .text                 ro code  0x18086d74    0x524  ping.o [1]
    .text                 ro code  0x18087298    0x858  sci_lwiperf.o [1]
    .text                 ro code  0x18087af0    0x41c  ipref_sockets.o [1]
    .text                 ro code  0x18087f0c    0x122  transport.o [1]
    .text                 ro code  0x18088030    0x306  MQTTConnectClient.o [1]
    .text                 ro code  0x18088338    0x18c  MQTTSubscribeClient.o [1]
    .text                 ro code  0x180884c4     0xbc  MQTTDeserializePublish.o [1]
    .text                 ro code  0x18088580     0x84  MQTTSerializePublish.o [1]
    .text                 ro code  0x18088604    0x290  MQTTPacket.o [1]
    .text                 ro code  0x18088894     0x2a  strncmp.o [3]
    .text                 ro code  0x180888c0     0x44  strcpy_unaligned.o [5]
    .text                 ro code  0x18088904    0x366  lwip_conf.o [6]
    .text                 ro code  0x18088c6c    0x1c6  dhcpc.o [1]
    .text                 ro code  0x18088e34    0xaa4  dhcps.o [1]
    .text                 ro code  0x180898d8    0xf1c  httpc_core.o [1]
    .text                 ro code  0x1808a7f4    0x296  httpc_api.o [1]
    .text                 ro code  0x1808aa8c     0x44  snprintf.o [3]
    .text                 ro code  0x1808aad0    0x51c  ota_hash.o [1]
    .text                 ro code  0x1808afec     0x1e  U64Shr.o [5]
    .text                 ro code  0x1808b00a     0x2c  strstr.o [3]
    .text                 ro code  0x1808b036      0xa  gmtime.o [3]
    .text                 ro code  0x1808b040     0xd0  mktime.o [3]
    .text                 ro code  0x1808b110     0x86  sntp_time.o [1]
    .text                 ro code  0x1808b198    0x308  sntp.o [1]
    .text                 ro code  0x1808b4a0    0x194  netdb.o [1]
    .text                 ro code  0x1808b634   0x78e4  ssl_tls.o [1]
    .text                 ro code  0x18092f18     0x78  ABImemmove_unaligned.o [5]
    .text                 ro code  0x18092f90     0x4e  strncasecmp.o [3]
    .text                 ro code  0x18092fe0     0x18  platform.o [1]
    .text                 ro code  0x18092ff8    0x71c  debug.o [1]
    .text                 ro code  0x18093714    0x1e4  net_sockets.o [1]
    .text                 ro code  0x180938f8   0x2088  x509_crt.o [1]
    .text                 ro code  0x18095980    0x3fa  pk.o [1]
    .text                 ro code  0x18095d7c   0x1104  pkparse.o [1]
    .text                 ro code  0x18096e80   0x11bc  sha256.o [1]
    .text                 ro code  0x1809803c    0xb10  md5.o [1]
    .text                 ro code  0x18098b4c    0x188  xttotm.o [3]
    .text                 ro code  0x18098cd4     0x9c  localtim.o [3]
    .text                 ro code  0x18098d70   0x188c  sha1.o [1]
    .text                 ro code  0x1809a5fc    0x3e8  md.o [1]
    .text                 ro code  0x1809a9e4    0xab8  cipher.o [1]
    .text                 ro code  0x1809b49c     0xb4  ssl_ciphersuites.o [1]
    .text                 ro code  0x1809b550   0x1624  sha512.o [1]
    .text                 ro code  0x1809cb74    0x6f0  dhm.o [1]
    .text                 ro code  0x1809d264    0x338  ecdh.o [1]
    .text                 ro code  0x1809d59c     0x22  I64Shl.o [5]
    .text                 ro code  0x1809d5c0   0x3a74  ssl_cli.o [1]
    .text                 ro code  0x180a1034   0x3f1c  ssl_srv.o [1]
    .text                 ro code  0x180a4f50   0x2488  ecp.o [1]
    .text                 ro code  0x180a73d8     0x3c  vsnprint.o [3]
    .text                 ro code  0x180a7414    0xc18  x509.o [1]
    .text                 ro code  0x180a802c    0x44c  oid.o [1]
    .text                 ro code  0x180a8478    0x6f0  pem.o [1]
    .text                 ro code  0x180a8b68   0x1b3e  rsa.o [1]
    .text                 ro code  0x180aa6a8   0x1aa4  ecp_curves.o [1]
    .text                 ro code  0x180ac14c    0x55c  pkcs12.o [1]
    .text                 ro code  0x180ac6a8    0x3fc  pkcs5.o [1]
    .text                 ro code  0x180acaa4    0x134  xisdst.o [3]
    .text                 ro code  0x180acbd8      0xa  getzone.o [3]
    .text                 ro code  0x180acbe2     0x42  xgettime.o [3]
    .text                 ro code  0x180acc24    0x97c  gcm.o [1]
    .text                 ro code  0x180ad5a0    0x63c  ccm.o [1]
    .text                 ro code  0x180adbdc    0x17c  base64.o [1]
    .text                 ro code  0x180add58    0x6aa  rsa_internal.o [1]
    .text                 ro code  0x180ae402    0x108  arc4.o [1]
    .text                 ro code  0x180ae50a    0x164  xgetdst.o [3]
    .text                 ro code  0x180ae670    0x470  auto_report.o [1]
    .text                 ro code  0x180aeae0    0x698  WIFI_config.o [1]
    .text                 ro code  0x180af178    0xd28  tcp_client.o [1]
    .text                 ro code  0x180afea0   0x2418  Light_fun.o [1]
    .text                 ro code  0x180b22b8    0x1d8  ZG_system.o [1]
    .text                 ro code  0x180b2490    0x1f4  proto_parser_pack.o [1]
    .text                 ro code  0x180b2684    0x5f2  s907x_wlan.o [1]
    .text                 ro code  0x180b2c78    0x4f8  store.o [1]
    .text                 ro code  0x180b3170    0x264  event_groups.o [1]
    .text                 ro code  0x180b33d4    0x164  encryption.o [1]
    .text                 ro code  0x180b3538     0x6c  strncpy_unaligned.o [5]
    .text                 ro code  0x180b35a4      0x8  abs.o [3]
    .text                 ro code  0x180b35ac    0x5d4  Remote.o [1]
    .text                 ro code  0x180b3b80    0x4fc  tcp_perf.o [1]
    .text                 ro code  0x180b407c    0x1a0  udp_perf.o [1]
    .text                 ro code  0x180b421c    0x2d4  IR.o [1]
    .text                 ro code  0x180b44f0    0x760  color.o [1]
    .text                 ro code  0x180b4c50     0x4e  FltToDbl.o [4]
    .text                 ro code  0x180b4c9e    0x506  protocol_handle.o [1]
    .text                 ro code  0x180b51a4    0x904  ZG_AT_CMD.o [1]
    .text                 ro code  0x180b5aa8    0x28c  RTC_time.o [1]
    .text                 ro code  0x180b5d34     0x1c  clock.o [1]
    .text                 ro code  0x180b5d50     0xcc  fota.o [1]
    .text                 ro code  0x180b5e1c    0x52a  blowfish.o [1]
    .text                 ro code  0x180b6348    0xd6a  camellia.o [1]
    .text                 ro code  0x180b70b4    0x5e4  cipher_wrap.o [1]
    .text                 ro code  0x180b7698    0x65e  ecdsa.o [1]
    .text                 ro code  0x180b7cf6    0x2ae  hmac_drbg.o [1]
    .text                 ro code  0x180b7fa4    0x300  md_wrap.o [1]
    .text                 ro code  0x180b82a4   0x1a50  ripemd160.o [1]
    .text                 ro code  0x180b9cf4    0x3e4  pk_wrap.o [1]
    .text                 ro code  0x180ba0d8    0x3cc  system_start.o [1]
    .text                 ro code  0x180ba4a4     0xbc  zg_main.o [1]
    .text                 ro code  0x180ba560      0xa  hal_sleep.o [7]
    .text                 ro code  0x180ba56c    0x158  ethernetif.o [6]
    .text                 ro code  0x180ba6c4     0x22  fpinit_M.o [4]
    .text                 ro code  0x180ba6e8     0x28  data_init.o [5]
    .text                 ro code  0x180ba710     0x40  zero_init3.o [5]
    .rodata               const    0x180ba750     0x80  gcm.o [1]
    .rodata               const    0x180ba7d0    0x280  sha512.o [1]
    .rodata               const    0x180baa50     0x10  adc_test.o [1]
    .rodata               const    0x180baa60     0x18  adc_test.o [1]
    .rodata               const    0x180baa78      0xc  adc_test.o [1]
    .rodata               const    0x180baa84     0x18  adc_test.o [1]
    .rodata               const    0x180baa9c     0x20  adc_test.o [1]
    .rodata               const    0x180baabc     0x20  adc_test.o [1]
    .rodata               const    0x180baadc     0x10  adc_test.o [1]
    .rodata               const    0x180baaec     0x18  adc_test.o [1]
    .rodata               const    0x180bab04     0x14  adc_test.o [1]
    .rodata               const    0x180bab18     0x20  adc_test.o [1]
    .rodata               const    0x180bab38     0x18  adc_test.o [1]
    .rodata               const    0x180bab50      0xc  adc_test.o [1]
    .rodata               const    0x180bab5c     0x14  adc_test.o [1]
    .rodata               const    0x180bab70      0x8  at_cmd.o [1]
    .rodata               const    0x180bab78      0x8  at_cmd.o [1]
    .rodata               const    0x180bab80      0x8  at_cmd.o [1]
    .rodata               const    0x180bab88      0x8  at_cmd.o [1]
    .rodata               const    0x180bab90      0x8  at_cmd.o [1]
    .rodata               const    0x180bab98      0x4  at_cmd.o [1]
    .rodata               const    0x180bab9c      0x8  at_cmd.o [1]
    .rodata               const    0x180baba4      0xc  at_cmd.o [1]
    .rodata               const    0x180babb0      0xc  at_cmd.o [1]
    .rodata               const    0x180babbc      0xc  at_cmd.o [1]
    .rodata               const    0x180babc8      0x8  at_cmd.o [1]
    .rodata               const    0x180babd0      0x8  at_cmd.o [1]
    .rodata               const    0x180babd8      0x8  at_cmd.o [1]
    .rodata               const    0x180babe0      0xc  at_cmd.o [1]
    .rodata               const    0x180babec      0xc  at_cmd.o [1]
    .rodata               const    0x180babf8      0xc  at_cmd.o [1]
    .rodata               const    0x180bac04     0x10  at_cmd.o [1]
    .rodata               const    0x180bac14      0xc  at_cmd.o [1]
    .rodata               const    0x180bac20      0xc  at_cmd.o [1]
    .rodata               const    0x180bac2c      0xc  at_cmd.o [1]
    .rodata               const    0x180bac38      0xc  at_cmd.o [1]
    .rodata               const    0x180bac44     0x14  at_cmd.o [1]
    .rodata               const    0x180bac58      0x8  at_cmd.o [1]
    .rodata               const    0x180bac60     0x10  at_cmd.o [1]
    .rodata               const    0x180bac70     0x10  at_cmd.o [1]
    .rodata               const    0x180bac80     0x10  at_cmd.o [1]
    .rodata               const    0x180bac90     0x10  at_cmd.o [1]
    .rodata               const    0x180baca0     0x10  at_cmd.o [1]
    .rodata               const    0x180bacb0     0x10  at_cmd.o [1]
    .rodata               const    0x180bacc0     0x10  at_cmd.o [1]
    .rodata               const    0x180bacd0     0x10  at_cmd.o [1]
    .rodata               const    0x180bace0     0x10  at_cmd.o [1]
    .rodata               const    0x180bacf0     0x10  at_cmd.o [1]
    .rodata               const    0x180bad00      0xc  at_cmd.o [1]
    .rodata               const    0x180bad0c      0xc  at_cmd.o [1]
    .rodata               const    0x180bad18     0x10  at_cmd.o [1]
    .rodata               const    0x180bad28     0x10  at_cmd.o [1]
    .rodata               const    0x180bad38     0x10  at_cmd.o [1]
    .rodata               const    0x180bad48     0x14  at_cmd.o [1]
    .rodata               const    0x180bad5c     0x10  at_cmd.o [1]
    .rodata               const    0x180bad6c     0x10  at_cmd.o [1]
    .rodata               const    0x180bad7c     0x10  at_cmd.o [1]
    .rodata               const    0x180bad8c     0x14  at_cmd.o [1]
    .rodata               const    0x180bada0     0x10  at_cmd.o [1]
    .rodata               const    0x180badb0      0xc  at_cmd.o [1]
    .rodata               const    0x180badbc      0xc  at_cmd.o [1]
    .rodata               const    0x180badc8     0x10  at_cmd.o [1]
    .rodata               const    0x180badd8      0xc  at_cmd.o [1]
    .rodata               const    0x180bade4      0xc  at_cmd.o [1]
    .rodata               const    0x180badf0      0xc  at_cmd.o [1]
    .rodata               const    0x180badfc      0x8  at_test.o [1]
    .rodata               const    0x180bae04      0x4  at_test.o [1]
    .rodata               const    0x180bae08      0x8  at_test.o [1]
    .rodata               const    0x180bae10      0x4  at_test.o [1]
    .rodata               const    0x180bae14      0x4  at_test.o [1]
    .rodata               const    0x180bae18      0x4  at_test.o [1]
    .rodata               const    0x180bae1c      0x4  at_test.o [1]
    .rodata               const    0x180bae20      0x8  at_test.o [1]
    .rodata               const    0x180bae28      0x4  at_test.o [1]
    .rodata               const    0x180bae2c      0x8  at_test.o [1]
    .rodata               const    0x180bae34      0xc  at_test.o [1]
    .rodata               const    0x180bae40      0x8  at_test.o [1]
    .rodata               const    0x180bae48      0x4  at_test.o [1]
    .rodata               const    0x180bae4c      0x8  at_test.o [1]
    .rodata               const    0x180bae54      0x8  at_test.o [1]
    .rodata               const    0x180bae5c      0x4  at_test.o [1]
    .rodata               const    0x180bae60      0xc  at_test.o [1]
    .rodata               const    0x180bae6c     0x14  at_test.o [1]
    .rodata               const    0x180bae80     0x10  at_test.o [1]
    .rodata               const    0x180bae90     0x18  at_test.o [1]
    .rodata               const    0x180baea8      0xc  at_test.o [1]
    .rodata               const    0x180baeb4      0xc  at_test.o [1]
    .rodata               const    0x180baec0      0xc  at_test.o [1]
    .rodata               const    0x180baecc     0x10  at_test.o [1]
    .rodata               const    0x180baedc      0xc  at_test.o [1]
    .rodata               const    0x180baee8      0xc  at_test.o [1]
    .rodata               const    0x180baef4      0xc  at_test.o [1]
    .rodata               const    0x180baf00     0x10  at_test.o [1]
    .rodata               const    0x180baf10      0xc  at_test.o [1]
    .rodata               const    0x180baf1c      0xc  at_test.o [1]
    .rodata               const    0x180baf28     0x10  at_test.o [1]
    .rodata               const    0x180baf38      0xc  at_test.o [1]
    .rodata               const    0x180baf44     0x10  at_test.o [1]
    .rodata               const    0x180baf54     0x18  auto_report.o [1]
    .rodata               const    0x180baf6c     0x24  auto_report.o [1]
    .rodata               const    0x180baf90     0x2c  auto_report.o [1]
    .rodata               const    0x180bafbc     0x28  auto_report.o [1]
    .rodata               const    0x180bafe4     0x28  auto_report.o [1]
    .rodata               const    0x180bb00c     0x20  auto_report.o [1]
    .rodata               const    0x180bb02c     0x20  auto_report.o [1]
    .rodata               const    0x180bb04c     0x20  auto_report.o [1]
    .rodata               const    0x180bb06c     0x20  auto_report.o [1]
    .rodata               const    0x180bb08c     0x20  auto_report.o [1]
    .rodata               const    0x180bb0ac     0x24  auto_report.o [1]
    .rodata               const    0x180bb0d0     0x24  auto_report.o [1]
    .rodata               const    0x180bb0f4      0xc  auto_report.o [1]
    .rodata               const    0x180bb100     0x80  base64.o [1]
    .rodata               const    0x180bb180    0x2a0  bignum.o [1]
    .rodata               const    0x180bb420     0x48  blowfish.o [1]
    .rodata               const    0x180bb468   0x1000  blowfish.o [1]
    .rodata               const    0x180bc468     0x30  camellia.o [1]
    .rodata               const    0x180bc498    0x100  camellia.o [1]
    .rodata               const    0x180bc598    0x100  camellia.o [1]
    .rodata               const    0x180bc698    0x100  camellia.o [1]
    .rodata               const    0x180bc798    0x100  camellia.o [1]
    .rodata               const    0x180bc898     0x20  camellia.o [1]
    .rodata               const    0x180bc8b8     0xa0  camellia.o [1]
    .rodata               const    0x180bc958     0x28  camellia.o [1]
    .rodata               const    0x180bc980      0xc  cipher_wrap.o [1]
    .rodata               const    0x180bc98c      0xc  cipher_wrap.o [1]
    .rodata               const    0x180bc998      0xc  cipher_wrap.o [1]
    .rodata               const    0x180bc9a4      0xc  cipher_wrap.o [1]
    .rodata               const    0x180bc9b0      0xc  cipher_wrap.o [1]
    .rodata               const    0x180bc9bc      0xc  cipher_wrap.o [1]
    .rodata               const    0x180bc9c8     0x10  cipher_wrap.o [1]
    .rodata               const    0x180bc9d8     0x10  cipher_wrap.o [1]
    .rodata               const    0x180bc9e8     0x10  cipher_wrap.o [1]
    .rodata               const    0x180bc9f8      0xc  cipher_wrap.o [1]
[...]
vListInsert             0x18063d0d    0x3a  Code  Gb  list.o [1]
vListInsertEnd          0x18063cf5    0x18  Code  Gb  list.o [1]
vPortClrInterruptMaskFromISR
                        0x18061697     0x6  Code  Gb  wlan_api.o [7]
vPortDisInterrupts      0x18061681    0x10  Code  Gb  wlan_api.o [7]
vPortEnableVFP          0x180cdf0d          Code  Gb  portasm.o [1]
vPortEnterCritical      0x1806374d    0x1a  Code  Gb  port.o [1]
vPortExitCritical       0x18063767    0x1a  Code  Gb  port.o [1]
vPortFree               0x18063927    0x2e  Code  Gb  heap_4.o [1]
vPortSVCHandler         0x180cded1          Code  Gb  portasm.o [1]
vPortSetInterruptsMaskFromISR
                        0x18061691     0x6  Code  Gb  wlan_api.o [7]
vPortSetupTimerInterrupt
                        0x180637a9    0x36  Code  Wk  port.o [1]
vPortStartFirstTask     0x180cdeed          Code  Gb  portasm.o [1]
vPortSuppressTicksAndSleep
                        0x18063dc5     0x2  Code  Gb  freertos_callback.o [1]
vPortYield              0x1806169d    0x14  Code  Gb  wlan_api.o [7]
vPort_ll_SuppressTicksAndSleep {Abs}
                        0x18045a25           --   Gb  command line/config [2]
vQueueDelete            0x1806243f    0x16  Code  Gb  queue.o [1]
vQueueWaitForMessageRestricted
                        0x180625e9    0x4c  Code  Gb  queue.o [1]
vTaskDelay              0x1806297f    0x34  Code  Gb  tasks.o [1]
vTaskDelete             0x180628b5    0xca  Code  Gb  tasks.o [1]
vTaskInternalSetTimeOutState
                        0x1806315b    0x12  Code  Gb  tasks.o [1]
vTaskMissedYield        0x180631d5     0xa  Code  Gb  tasks.o [1]
vTaskPlaceOnEventList   0x18063019    0x20  Code  Gb  tasks.o [1]
vTaskPlaceOnEventListRestricted
                        0x18063067    0x2c  Code  Gb  tasks.o [1]
vTaskPlaceOnUnorderedEventList
                        0x18063039    0x2e  Code  Gb  tasks.o [1]
vTaskPriorityDisinheritAfterTimeout
                        0x18063505    0xaa  Code  Gb  tasks.o [1]
vTaskPrioritySet        0x180629d5   0x106  Code  Gb  tasks.o [1]
vTaskRemoveFromUnorderedEventList
                        0x18063109    0x52  Code  Gb  tasks.o [1]
vTaskResume             0x18062bd3    0x74  Code  Gb  tasks.o [1]
vTaskStartScheduler     0x18062c47    0x8a  Code  Gb  tasks.o [1]
vTaskStepTick           0x18062e6d    0x10  Code  Gb  tasks.o [1]
vTaskSuspend            0x18062adb    0xce  Code  Gb  tasks.o [1]
vTaskSuspendAll         0x18062cd1    0x10  Code  Gb  tasks.o [1]
vTaskSwitchContext      0x18062f8d    0x8c  Code  Gb  tasks.o [1]
version_s907x           0x100293a4    0x28  Data  Lc  system_start.o [1]
voltage_print           0x18060085   0x162  Code  Gb  adc_test.o [1]
vs_ll_printf {Abs}      0x1801f299           --   Gb  command line/config [2]
vsnprintf               0x180a73d9    0x3c  Code  Gb  vsnprint.o [3]
warmStore               0x1002a66a     0x1  Data  Lc  Light_fun.o [1]
wdg_hdl                 0x1002a108     0xc  Data  Gb  wdg_test.o [1]
wdg_hdl                 0x1002a118     0xc  Data  Lc  WIFI_config.o [1]
wdg_isr_cb              0x18081557    0x24  Code  Lc  wdg_test.o [1]
wdg_ll_deinit {Abs}     0x1801eced           --   Gb  command line/config [2]
wdg_ll_init {Abs}       0x1801ecc1           --   Gb  command line/config [2]
wdg_ll_it_mask {Abs}    0x1801ed19           --   Gb  command line/config [2]
wdg_ll_refresh {Abs}    0x1801ed05           --   Gb  command line/config [2]
wdg_ll_start {Abs}      0x1801ecf9           --   Gb  command line/config [2]
wdg_ll_stop {Abs}       0x1801ed0d           --   Gb  command line/config [2]
wdg_test                0x180815b5    0x6a  Code  Gb  wdg_test.o [1]
wdg_test_basic          0x18081521    0x36  Code  Gb  wdg_test.o [1]
wdg_test_int            0x1808157b    0x3a  Code  Gb  wdg_test.o [1]
wdg_test_map            0x100166b0    0x68  Data  Gb  wdg_test.o [1]
week                    0x10016260    0x1c  Data  Lc  rtc_test.o [1]
wifi_AP_Start           0x180aee5d    0x5c  Code  Lc  WIFI_config.o [1]
wifi_Adapter_start      0x180aeeb9    0x16  Code  Gb  WIFI_config.o [1]
wifi_STA_Start          0x180aee05    0x58  Code  Lc  WIFI_config.o [1]
wifi_conf_select        0x1002a694     0x1  Data  Lc  ZG_AT_CMD.o [1]
wifi_dis_flag           0x100295ec     0x4  Data  Lc  tcp_client.o [1]
wifi_disconnect_count   0x100295e8     0x4  Data  Lc  tcp_client.o [1]
wifi_disconnect_time    0x100295e4     0x4  Data  Lc  tcp_client.o [1]
wifi_event_group        0x1002a20c     0x4  Data  Lc  WIFI_config.o [1]
wifi_get_conf_msg       0x180aefb1    0x10  Code  Gb  WIFI_config.o [1]
wifi_get_ip_info        0x180aef33    0x16  Code  Gb  WIFI_config.o [1]
wifi_get_mac_info       0x180aef49    0x10  Code  Gb  WIFI_config.o [1]
wifi_get_mode           0x180aefc1     0x6  Code  Gb  WIFI_config.o [1]
wifi_get_netif          0x180aefc7     0x6  Code  Lc  WIFI_config.o [1]
wifi_mode               0x1002a690     0x1  Data  Lc  WIFI_config.o [1]
wifi_password_conf      0x180aedbb    0x42  Code  Gb  WIFI_config.o [1]
wifi_reg_event_handler {Abs}
                        0x18039b2d           --   Gb  command line/config [2]
wifi_rx_beacon_hdl {Abs}
                        0x18038171           --   Gb  command line/config [2]
wifi_scan_ap            0x180aeaf9     0x8  Code  Gb  WIFI_config.o [1]
wifi_set                0x1002a13c    0x68  Data  Lc  WIFI_config.o [1]
wifi_ssid_conf          0x180aed89    0x32  Code  Gb  WIFI_config.o [1]
wifi_unreg_event_handler {Abs}
                        0x18039b81           --   Gb  command line/config [2]
wl_create_thread        0x18060c6f    0x3a  Code  Gb  os_api.o [7]
wl_destory_thread       0x18060ca9     0x8  Code  Gb  os_api.o [7]
wl_destory_threadself   0x18060cb1     0xa  Code  Gb  os_api.o [7]
wl_enter_critical       0x18060b9f     0x8  Code  Gb  os_api.o [7]
wl_exit_critical        0x18060ba7     0x8  Code  Gb  os_api.o [7]
wl_free                 0x18060ce9     0x8  Code  Gb  os_api.o [7]
wl_free_mutex           0x18060b51    0x16  Code  Gb  os_api.o [7]
wl_free_queue           0x18060c29    0x1e  Code  Gb  os_api.o [7]
wl_free_sema            0x18060acb    0x16  Code  Gb  os_api.o [7]
wl_get_freeheapsize     0x18060cbb     0x8  Code  Gb  os_api.o [7]
wl_get_random32         0x18060cf1    0x40  Code  Gb  os_api.o [7]
wl_get_random_bytes     0x180898d9    0x16  Code  Gb  httpc_core.o [1]
wl_get_systemtick       0x18060c47     0x8  Code  Gb  os_api.o [7]
wl_hal_udelay           0x18060c67     0x8  Code  Gb  os_api.o [7]
wl_init_mutex           0x18060b43     0xe  Code  Gb  os_api.o [7]
wl_init_queue           0x18060baf    0x1c  Code  Gb  os_api.o [7]
wl_init_sema            0x18060a85    0x46  Code  Gb  os_api.o [7]
wl_ll_ps_enable {Abs}   0x1801f191           --   Gb  command line/config [2]
wl_lock_mutex           0x18060b67    0x28  Code  Gb  os_api.o [7]
wl_malloc               0x18060cc3     0x8  Code  Gb  os_api.o [7]
wl_memcmp               0x18060d79     0x8  Code  Gb  os_api.o [7]
wl_memcpy               0x18060d71     0x8  Code  Gb  os_api.o [7]
wl_memset               0x18060d69     0x8  Code  Gb  os_api.o [7]
wl_ms_to_systemtick     0x18060c51     0x8  Code  Gb  os_api.o [7]
wl_os_init              0x18060d31     0xe  Code  Gb  os_api.o [7]
wl_os_mdelay            0x18060c59     0xe  Code  Gb  os_api.o [7]
wl_os_start             0x18060d61     0x8  Code  Gb  os_api.o [7]
wl_send_queue           0x18060bcb    0x30  Code  Gb  os_api.o [7]
wl_send_sema            0x18060ae1    0x10  Code  Gb  os_api.o [7]
wl_send_sema_fromisr    0x18060af1    0x28  Code  Gb  os_api.o [7]
wl_systemtick_to_ms     0x18060c4f     0x2  Code  Gb  os_api.o [7]
wl_unlock_mutex         0x18060b8f    0x10  Code  Gb  os_api.o [7]
wl_wait_queue           0x18060bfb    0x2e  Code  Gb  os_api.o [7]
wl_wait_sema            0x18060b19    0x2a  Code  Gb  os_api.o [7]
wl_zmalloc              0x18060ccb    0x1e  Code  Gb  os_api.o [7]
wlan_ap_dhcps_iprange   0x18083169    0x7c  Code  Lc  wlan_test.o [1]
wlan_ap_get_info        0x18082f4b    0xe8  Code  Lc  wlan_test.o [1]
wlan_ap_get_ipinfo      0x1808305d   0x108  Code  Lc  wlan_test.o [1]
wlan_ap_hdl             0x180831f5    0xc6  Code  Lc  wlan_test.o [1]
wlan_ap_modify_ssid     0x18082f45     0x6  Code  Lc  wlan_test.o [1]
wlan_ap_start           0x18082d01   0x208  Code  Lc  wlan_test.o [1]
wlan_ap_stop            0x18082f2d    0x18  Code  Lc  wlan_test.o [1]
wlan_checkip_valid      0x18082ca1    0x60  Code  Lc  wlan_test.o [1]
wlan_config_autoreconnect_staticip
                        0x18082751    0x2a  Code  Gb  wlan_test.o [1]
wlan_connect_normal     0x180b27dd   0x1e4  Code  Lc  s907x_wlan.o [1]
wlan_connect_with_scan  0x1808265d    0xa2  Code  Lc  wlan_test.o [1]
wlan_connect_without_scan
                        0x180826ff    0x34  Code  Lc  wlan_test.o [1]
wlan_connectap_hdl      0x18083d31     0x4  Code  Gb  wlan_test.o [1]
wlan_event_hdl          0x18083585   0x174  Code  Lc  wlan_test.o [1]
wlan_gcountry_hdl       0x180823c9    0x3c  Code  Lc  wlan_test.o [1]
wlan_get_heapsize       0x18083cf9    0x30  Code  Lc  wlan_test.o [1]
wlan_get_mac_addr       0x180b2c53    0x24  Code  Gb  s907x_wlan.o [1]
wlan_gmac_hdl           0x18082289    0x6e  Code  Lc  wlan_test.o [1]
wlan_gmode_hdl          0x180821f7    0x3a  Code  Lc  wlan_test.o [1]
wlan_gphymode_hdl       0x18082345    0x3e  Code  Lc  wlan_test.o [1]
wlan_hostname_hdl       0x18083d35    0x6a  Code  Gb  wlan_test.o [1]
wlan_monitor_hdl        0x18083891   0x11a  Code  Lc  wlan_test.o [1]
wlan_mp_hdl             0x18083da9    0x5e  Code  Gb  wlan_test.o [1]
wlan_net_func           0x1002a404    0x44  Data  Gb  lwip_conf.o [6]
wlan_scan_hdl           0x1808254b   0x112  Code  Lc  wlan_test.o [1]
wlan_scountry_hdl       0x18082383    0x46  Code  Lc  wlan_test.o [1]
wlan_set_ap             0x180b2aa9    0xb6  Code  Lc  s907x_wlan.o [1]
wlan_set_os_funcion     0x180616b1   0x216  Code  Gb  wlan_api.o [7]
wlan_set_sta            0x180b29c1    0xe4  Code  Lc  s907x_wlan.o [1]
wlan_smac_hdl           0x18082231    0x58  Code  Lc  wlan_test.o [1]
wlan_smode_hdl          0x1808218f    0x68  Code  Lc  wlan_test.o [1]
wlan_sphymode_hdl       0x180822f7    0x4e  Code  Lc  wlan_test.o [1]
wlan_sta_connect_with_bssid
                        0x180829df     0x6  Code  Lc  wlan_test.o [1]
wlan_sta_connect_with_ssid
                        0x1808277b   0x264  Code  Lc  wlan_test.o [1]
wlan_sta_disconnect     0x180829e5    0x10  Code  Lc  wlan_test.o [1]
wlan_sta_get_ip         0x18082aa7   0x11e  Code  Lc  wlan_test.o [1]
wlan_sta_get_linkinfo   0x180829f5    0xb2  Code  Lc  wlan_test.o [1]
wlan_sta_hdl            0x18082bc5    0xb4  Code  Lc  wlan_test.o [1]
wlan_sta_scan_once      0x180b27c7    0x10  Code  Gb  s907x_wlan.o [1]
wlan_start              0x180ba321    0x1a  Code  Gb  system_start.o [1]
wlan_switch2ap          0x18083a41    0xb8  Code  Lc  wlan_test.o [1]
wlan_switch2monitor     0x18083be9    0x18  Code  Lc  wlan_test.o [1]
wlan_switch2sta         0x180839b5    0x7e  Code  Lc  wlan_test.o [1]
wlan_switch2staap       0x18083b01    0xda  Code  Lc  wlan_test.o [1]
wlan_switchmode_hdl     0x18083c01    0xf0  Code  Lc  wlan_test.o [1]
wlan_task               0x180ba261    0xc0  Code  Lc  system_start.o [1]
wlan_task_hdl           0x100293a0     0x4  Data  Lc  system_start.o [1]
wlan_test               0x18083e51   0x210  Code  Gb  wlan_test.o [1]
wlan_test_monitor       0x1808383f    0x48  Code  Gb  wlan_test.o [1]
wlan_uart_process_escape_char
                        0x180796d9    0x6e  Code  Lc  wlan_uart_utils.o [6]
wlan_uart_rx_ll_cb      0x18079747   0x108  Code  Gb  wlan_uart_utils.o [6]
wlan_uart_rx_pop        0x18079611    0x64  Code  Gb  wlan_uart_utils.o [6]
wlan_uart_rx_transfer_buffer
                        0x18079675    0x64  Code  Gb  wlan_uart_utils.o [6]
writeCString            0x18088745    0x2a  Code  Gb  MQTTPacket.o [1]
writeChar               0x1808870f     0xc  Code  Gb  MQTTPacket.o [1]
writeInt                0x1808871b    0x2a  Code  Gb  MQTTPacket.o [1]
writeMQTTString         0x1808876f    0x46  Code  Gb  MQTTPacket.o [1]
x509_check_wildcard     0x18095199    0x78  Code  Lc  x509_crt.o [1]
x509_crt_check_cn       0x18095619    0x36  Code  Lc  x509_crt.o [1]
x509_crt_check_ee_locally_trusted
                        0x18095473    0x48  Code  Lc  x509_crt.o [1]
x509_crt_check_parent   0x18095345    0x5c  Code  Lc  x509_crt.o [1]
x509_crt_check_signature
                        0x180952df    0x66  Code  Lc  x509_crt.o [1]
x509_crt_find_parent    0x18095429    0x4a  Code  Lc  x509_crt.o [1]
x509_crt_find_parent_in
                        0x180953a1    0x88  Code  Lc  x509_crt.o [1]
x509_crt_merge_flags_with_cb
                        0x180956ed    0x5a  Code  Lc  x509_crt.o [1]
x509_crt_parse_der_core
                        0x18093f21   0x39a  Code  Lc  x509_crt.o [1]
x509_crt_verify_chain   0x180954bb   0x150  Code  Lc  x509_crt.o [1]
x509_crt_verify_name    0x1809564f    0x98  Code  Lc  x509_crt.o [1]
x509_crt_verify_strings
                        0x180ccd48    0xa8  Data  Lc  x509_crt.o [1]
x509_crt_verifycrl      0x18095027   0x120  Code  Lc  x509_crt.o [1]
x509_date_is_valid      0x180a790d    0xda  Code  Lc  x509.o [1]
x509_get_attr_type_value
                        0x180a7747    0xec  Code  Lc  x509.o [1]
x509_get_basic_constraints
                        0x18093ac3    0xa8  Code  Lc  x509_crt.o [1]
x509_get_crt_ext        0x18093d47   0x1da  Code  Lc  x509_crt.o [1]
x509_get_dates          0x18093a0b    0x68  Code  Lc  x509_crt.o [1]
x509_get_ext_key_usage  0x18093c1b    0x30  Code  Lc  x509_crt.o [1]
x509_get_hash_alg       0x180a74bd    0xa4  Code  Lc  x509.o [1]
x509_get_key_usage      0x18093bab    0x70  Code  Lc  x509_crt.o [1]
x509_get_ns_cert_type   0x18093b6b    0x40  Code  Lc  x509_crt.o [1]
x509_get_subject_alt_name
                        0x18093c4b    0xfc  Code  Lc  x509_crt.o [1]
x509_get_uid            0x18093a73    0x50  Code  Lc  x509_crt.o [1]
x509_get_version        0x180939b1    0x5a  Code  Lc  x509_crt.o [1]
x509_info_cert_type     0x180944f3   0x194  Code  Lc  x509_crt.o [1]
x509_info_ext_key_usage
                        0x18094869    0x72  Code  Lc  x509_crt.o [1]
x509_info_key_usage     0x18094695   0x1ca  Code  Lc  x509_crt.o [1]
x509_info_subject_alt_name
                        0x1809447d    0x76  Code  Lc  x509_crt.o [1]
x509_memcasecmp         0x18095147    0x52  Code  Lc  x509_crt.o [1]
x509_name_cmp           0x18095271    0x6e  Code  Lc  x509_crt.o [1]
x509_parse_int          0x180a78c9    0x44  Code  Lc  x509.o [1]
x509_parse_time         0x180a79e7    0xfa  Code  Lc  x509.o [1]
x509_profile_check_key  0x18093949    0x68  Code  Lc  x509_crt.o [1]
x509_profile_check_md_alg
                        0x18093911    0x1c  Code  Lc  x509_crt.o [1]
x509_profile_check_pk_alg
                        0x1809392d    0x1c  Code  Lc  x509_crt.o [1]
x509_string_cmp         0x18095211    0x60  Code  Lc  x509_crt.o [1]
xActiveTimerList1       0x10029920    0x14  Data  Lc  timers.o [1]
xActiveTimerList2       0x10029934    0x14  Data  Lc  timers.o [1]
xBlockAllocatedBit      0x1001be84     0x4  Data  Lc  heap_4.o [1]
xDelayedTaskList1       0x100294b0    0x14  Data  Lc  tasks.o [1]
xDelayedTaskList2       0x100294c4    0x14  Data  Lc  tasks.o [1]
xEventGroupClearBits    0x180b3279    0x1c  Code  Gb  event_groups.o [1]
xEventGroupCreate       0x180b3171    0x20  Code  Gb  event_groups.o [1]
xEventGroupGetBitsFromISR
                        0x180b3295    0x20  Code  Gb  event_groups.o [1]
xEventGroupSetBits      0x180b32b5    0xac  Code  Gb  event_groups.o [1]
xEventGroupWaitBits     0x180b3191    0xe4  Code  Gb  event_groups.o [1]
xFreeBytesRemaining     0x1001be7c     0x4  Data  Lc  heap_4.o [1]
xHandleTaskOta          0x1001a990     0x4  Data  Lc  fota.o [1]
xHandleTaskReport       0x10019914     0x4  Data  Lc  auto_report.o [1]
xHandleTaskSend         0x100295c4     0x4  Data  Lc  tcp_client.o [1]
xHandleTasktcp          0x100295c0     0x4  Data  Lc  tcp_client.o [1]
xHeapStructSize         0x180bed80     0x4  Data  Lc  heap_4.o [1]
xIdleTaskHandle         0x10029544     0x4  Data  Lc  tasks.o [1]
xMaximumPossibleSuppressedTicks
                        0x10028b08     0x4  Data  Lc  port.o [1]
xMinimumEverFreeBytesRemaining
                        0x1001be80     0x4  Data  Lc  heap_4.o [1]
xNextTaskUnblockTime    0x10029540     0x4  Data  Lc  tasks.o [1]
xNumOfOverflows         0x10029538     0x4  Data  Lc  tasks.o [1]
xPendingReadyList       0x100294e0    0x14  Data  Lc  tasks.o [1]
xPortGetFreeHeapSize    0x18063955     0x6  Code  Gb  heap_4.o [1]
xPortPendSVHandler      0x180cde79          Code  Gb  portasm.o [1]
xPortStartScheduler     0x18063711    0x3c  Code  Gb  port.o [1]
xPortSysTickHandler     0x18063781    0x28  Code  Gb  port.o [1]
xQueueCreateCountingSemaphore
                        0x18061f1f    0x1c  Code  Gb  queue.o [1]
xQueueCreateMutex       0x18061eff    0x20  Code  Gb  queue.o [1]
xQueueGenericCreate     0x18061e61    0x4a  Code  Gb  queue.o [1]
xQueueGenericCreateStatic
                        0x18061e2d    0x34  Code  Gb  queue.o [1]
xQueueGenericReset      0x18061dad    0x80  Code  Gb  queue.o [1]
xQueueGenericSend       0x18061f3b   0x122  Code  Gb  queue.o [1]
xQueueGenericSendFromISR
                        0x1806205d    0x84  Code  Gb  queue.o [1]
xQueueGiveFromISR       0x180620e1    0x7a  Code  Gb  queue.o [1]
xQueueReceive           0x1806215b   0x108  Code  Gb  queue.o [1]
xQueueReceiveFromISR    0x180623a9    0x82  Code  Gb  queue.o [1]
xQueueSemaphoreTake     0x18062263   0x140  Code  Gb  queue.o [1]
xSchedulerRunning       0x1002952c     0x4  Data  Lc  tasks.o [1]
xStart                  0x1001be70     0x8  Data  Lc  heap_4.o [1]
xSuspendedTaskList      0x1002950c    0x14  Data  Lc  tasks.o [1]
xTaskCheckForTimeOut    0x1806316d    0x68  Code  Gb  tasks.o [1]
xTaskCreate             0x18062697    0x8a  Code  Gb  tasks.o [1]
xTaskCreateStatic       0x18062635    0x62  Code  Gb  tasks.o [1]
xTaskGetCurrentTaskHandle
                        0x18063375     0xa  Code  Gb  tasks.o [1]
xTaskGetSchedulerState  0x1806337f    0x26  Code  Gb  tasks.o [1]
xTaskGetTickCount       0x18062e41     0xa  Code  Gb  tasks.o [1]
xTaskGetTickCountFromISR
                        0x18062e4b     0xe  Code  Gb  tasks.o [1]
xTaskIncrementTick      0x18062e7d   0x110  Code  Gb  tasks.o [1]
xTaskPriorityDisinherit
                        0x18063471    0x8a  Code  Gb  tasks.o [1]
xTaskPriorityInherit    0x180633a9    0xc8  Code  Gb  tasks.o [1]
xTaskRemoveFromEventList
                        0x18063093    0x76  Code  Gb  tasks.o [1]
xTaskResumeAll          0x18062d31   0x110  Code  Gb  tasks.o [1]
xTasksWaitingTermination
                        0x100294f4    0x14  Data  Lc  tasks.o [1]
xTickCount              0x10029524     0x4  Data  Lc  tasks.o [1]
xTimerCreate            0x18063e25    0x40  Code  Gb  timers.o [1]
xTimerCreateTimerTask   0x18063dc9    0x5c  Code  Gb  timers.o [1]
xTimerGenericCommand    0x18063ea3    0x74  Code  Gb  timers.o [1]
xTimerIsTimerActive     0x18064215    0x1e  Code  Gb  timers.o [1]
xTimerPendFunctionCallFromISR
                        0x18064247    0x30  Code  Gb  timers.o [1]
xTimerQueue             0x10029950     0x4  Data  Lc  timers.o [1]
xTimerTaskHandle        0x10029954     0x4  Data  Lc  timers.o [1]
xYieldPending           0x10029534     0x4  Data  Lc  tasks.o [1]
xnetif                  0x1002a358    0x88  Data  Gb  lwip_conf.o [6]
zg_timer_callback       0x180b43bb     0xc  Code  Gb  IR.o [1]


[1] = D:\MyGit\ZG\project_rgb_ir\s907x_freertos\out\IAR\Debug\Obj
[2] = command line
[3] = dl7M_tlf.a
[4] = m7M_tls.a
[5] = rt7M_tl.a
[6] = s907x_net.a
[7] = s907x_platform.a
[8] = shb_l.a

  370 656 bytes of readonly  code memory
   79 682 bytes of readonly  data memory
   85 373 bytes of readwrite data memory

Errors: none
Warnings: 1
